This is pdfTeX, Version 3.141592653-2.6-1.40.28 (MiKTeX 25.12) (preloaded format=pdflatex 2026.7.28)  31 JUL 2026 02:54
entering extended mode
 restricted \write18 enabled.
 %&-line parsing enabled.
**./main.tex
(main.tex
LaTeX2e <2025-11-01>
L3 programming layer <2025-12-24>
(C:\Users\ZhuanZ\AppData\Local\Programs\MiKTeX\tex/latex/base\report.cls
Document Class: report 2025/01/22 v1.4n Standard LaTeX document class
(C:\Users\ZhuanZ\AppData\Local\Programs\MiKTeX\tex/latex/base\size12.clo
File: size12.clo 2025/01/22 v1.4n Standard LaTeX file (size option)
)
\c@part=\count275
\c@chapter=\count276
\c@section=\count277
\c@subsection=\count278
\c@subsubsection=\count279
\c@paragraph=\count280
\c@subparagraph=\count281
\c@figure=\count282
\c@table=\count283
\abovecaptionskip=\skip49
\belowcaptionskip=\skip50
\bibindent=\dimen148
)
(C:\Users\ZhuanZ\AppData\Local\Programs\MiKTeX\tex/latex/base\inputenc.sty
Package: inputenc 2024/02/08 v1.3d Input encoding file
\inpenc@prehook=\toks17
\inpenc@posthook=\toks18
)
(C:\Users\ZhuanZ\AppData\Local\Programs\MiKTeX\tex/latex/base\fontenc.sty
Package: fontenc 2025/07/18 v2.1d Standard LaTeX package
)
(C:\Users\ZhuanZ\AppData\Local\Programs\MiKTeX\tex/latex/lm\lmodern.sty
Package: lmodern 2015/05/01 v1.6.1 Latin Modern Fonts
LaTeX Font Info:    Overwriting symbol font `operators' in version `normal'
(Font)                  OT1/cmr/m/n --> OT1/lmr/m/n on input line 22.
LaTeX Font Info:    Overwriting symbol font `letters' in version `normal'
(Font)                  OML/cmm/m/it --> OML/lmm/m/it on input line 23.
LaTeX Font Info:    Overwriting symbol font `symbols' in version `normal'
(Font)                  OMS/cmsy/m/n --> OMS/lmsy/m/n on input line 24.
LaTeX Font Info:    Overwriting symbol font `largesymbols' in version `normal'
(Font)                  OMX/cmex/m/n --> OMX/lmex/m/n on input line 25.
LaTeX Font Info:    Overwriting symbol font `operators' in version `bold'
(Font)                  OT1/cmr/bx/n --> OT1/lmr/bx/n on input line 26.
LaTeX Font Info:    Overwriting symbol font `letters' in version `bold'
(Font)                  OML/cmm/b/it --> OML/lmm/b/it on input line 27.
LaTeX Font Info:    Overwriting symbol font `symbols' in version `bold'
(Font)                  OMS/cmsy/b/n --> OMS/lmsy/b/n on input line 28.
LaTeX Font Info:    Overwriting symbol font `largesymbols' in version `bold'
(Font)                  OMX/cmex/m/n --> OMX/lmex/m/n on input line 29.
LaTeX Font Info:    Overwriting math alphabet `\mathbf' in version `normal'
(Font)                  OT1/cmr/bx/n --> OT1/lmr/bx/n on input line 31.
LaTeX Font Info:    Overwriting math alphabet `\mathsf' in version `normal'
(Font)                  OT1/cmss/m/n --> OT1/lmss/m/n on input line 32.
LaTeX Font Info:    Overwriting math alphabet `\mathit' in version `normal'
(Font)                  OT1/cmr/m/it --> OT1/lmr/m/it on input line 33.
LaTeX Font Info:    Overwriting math alphabet `\mathtt' in version `normal'
(Font)                  OT1/cmtt/m/n --> OT1/lmtt/m/n on input line 34.
LaTeX Font Info:    Overwriting math alphabet `\mathbf' in version `bold'
(Font)                  OT1/cmr/bx/n --> OT1/lmr/bx/n on input line 35.
LaTeX Font Info:    Overwriting math alphabet `\mathsf' in version `bold'
(Font)                  OT1/cmss/bx/n --> OT1/lmss/bx/n on input line 36.
LaTeX Font Info:    Overwriting math alphabet `\mathit' in version `bold'
(Font)                  OT1/cmr/bx/it --> OT1/lmr/bx/it on input line 37.
LaTeX Font Info:    Overwriting math alphabet `\mathtt' in version `bold'
(Font)                  OT1/cmtt/m/n --> OT1/lmtt/m/n on input line 38.
)
(C:\Users\ZhuanZ\AppData\Local\Programs\MiKTeX\tex/latex/amsmath\amsmath.sty
Package: amsmath 2025/07/09 v2.17z AMS math features
\@mathmargin=\skip51

For additional information on amsmath, use the `?' option.
(C:\Users\ZhuanZ\AppData\Local\Programs\MiKTeX\tex/latex/amsmath\amstext.sty
Package: amstext 2024/11/17 v2.01 AMS text

(C:\Users\ZhuanZ\AppData\Local\Programs\MiKTeX\tex/latex/amsmath\amsgen.sty
File: amsgen.sty 1999/11/30 v2.0 generic functions
\@emptytoks=\toks19
\ex@=\dimen149
))
(C:\Users\ZhuanZ\AppData\Local\Programs\MiKTeX\tex/latex/amsmath\amsbsy.sty
Package: amsbsy 1999/11/29 v1.2d Bold Symbols
\pmbraise@=\dimen150
)
(C:\Users\ZhuanZ\AppData\Local\Programs\MiKTeX\tex/latex/amsmath\amsopn.sty
Package: amsopn 2022/04/08 v2.04 operator names
)
\inf@bad=\count284
LaTeX Info: Redefining \frac on input line 233.
\uproot@=\count285
\leftroot@=\count286
LaTeX Info: Redefining \overline on input line 398.
LaTeX Info: Redefining \colon on input line 409.
\classnum@=\count287
\DOTSCASE@=\count288
LaTeX Info: Redefining \ldots on input line 495.
LaTeX Info: Redefining \dots on input line 498.
LaTeX Info: Redefining \cdots on input line 619.
\Mathstrutbox@=\box53
\strutbox@=\box54
LaTeX Info: Redefining \big on input line 721.
LaTeX Info: Redefining \Big on input line 722.
LaTeX Info: Redefining \bigg on input line 723.
LaTeX Info: Redefining \Bigg on input line 724.
\big@size=\dimen151
LaTeX Font Info:    Redeclaring font encoding OML on input line 742.
LaTeX Font Info:    Redeclaring font encoding OMS on input line 743.
\macc@depth=\count289
LaTeX Info: Redefining \bmod on input line 904.
LaTeX Info: Redefining \pmod on input line 909.
LaTeX Info: Redefining \smash on input line 939.
LaTeX Info: Redefining \relbar on input line 969.
LaTeX Info: Redefining \Relbar on input line 970.
\c@MaxMatrixCols=\count290
\dotsspace@=\muskip17
\c@parentequation=\count291
\dspbrk@lvl=\count292
\tag@help=\toks20
\row@=\count293
\column@=\count294
\maxfields@=\count295
\andhelp@=\toks21
\eqnshift@=\dimen152
\alignsep@=\dimen153
\tagshift@=\dimen154
\tagwidth@=\dimen155
\totwidth@=\dimen156
\lineht@=\dimen157
\@envbody=\toks22
\multlinegap=\skip52
\multlinetaggap=\skip53
\mathdisplay@stack=\toks23
LaTeX Info: Redefining \[ on input line 2950.
LaTeX Info: Redefining \] on input line 2951.
)
(C:\Users\ZhuanZ\AppData\Local\Programs\MiKTeX\tex/latex/amsfonts\amssymb.sty
Package: amssymb 2013/01/14 v3.01 AMS font symbols

(C:\Users\ZhuanZ\AppData\Local\Programs\MiKTeX\tex/latex/amsfonts\amsfonts.sty
Package: amsfonts 2013/01/14 v3.01 Basic AMSFonts support
\symAMSa=\mathgroup4
\symAMSb=\mathgroup5
LaTeX Font Info:    Redeclaring math symbol \hbar on input line 98.
LaTeX Font Info:    Overwriting math alphabet `\mathfrak' in version `bold'
(Font)                  U/euf/m/n --> U/euf/b/n on input line 106.
))
(C:\Users\ZhuanZ\AppData\Local\Programs\MiKTeX\tex/latex/graphics\graphicx.sty
Package: graphicx 2024/12/31 v1.2e Enhanced LaTeX Graphics (DPC,SPQR)

(C:\Users\ZhuanZ\AppData\Local\Programs\MiKTeX\tex/latex/graphics\keyval.sty
Package: keyval 2022/05/29 v1.15 key=value parser (DPC)
\KV@toks@=\toks24
)
(C:\Users\ZhuanZ\AppData\Local\Programs\MiKTeX\tex/latex/graphics\graphics.sty
Package: graphics 2024/08/06 v1.4g Standard LaTeX Graphics (DPC,SPQR)

(C:\Users\ZhuanZ\AppData\Local\Programs\MiKTeX\tex/latex/graphics\trig.sty
Package: trig 2023/12/02 v1.11 sin cos tan (DPC)
)
(C:\Users\ZhuanZ\AppData\Local\Programs\MiKTeX\tex/latex/graphics-cfg\graphics.
cfg
File: graphics.cfg 2016/06/04 v1.11 sample graphics configuration
)
Package graphics Info: Driver file: pdftex.def on input line 106.

(C:\Users\ZhuanZ\AppData\Local\Programs\MiKTeX\tex/latex/graphics-def\pdftex.de
f
File: pdftex.def 2025/09/29 v1.2d Graphics/color driver for pdftex
))
\Gin@req@height=\dimen158
\Gin@req@width=\dimen159
)
(C:\Users\ZhuanZ\AppData\Local\Programs\MiKTeX\tex/latex/pgf/frontendlayer\tikz
.sty
(C:\Users\ZhuanZ\AppData\Local\Programs\MiKTeX\tex/latex/pgf/basiclayer\pgf.sty

(C:\Users\ZhuanZ\AppData\Local\Programs\MiKTeX\tex/latex/pgf/utilities\pgfrcs.s
ty
(C:\Users\ZhuanZ\AppData\Local\Programs\MiKTeX\tex/generic/pgf/utilities\pgfuti
l-common.tex
\pgfutil@everybye=\toks25
\pgfutil@tempdima=\dimen160
\pgfutil@tempdimb=\dimen161
)
(C:\Users\ZhuanZ\AppData\Local\Programs\MiKTeX\tex/generic/pgf/utilities\pgfuti
l-latex.def
\pgfutil@abb=\box55
)
(C:\Users\ZhuanZ\AppData\Local\Programs\MiKTeX\tex/generic/pgf/utilities\pgfrcs
.code.tex
(C:\Users\ZhuanZ\AppData\Local\Programs\MiKTeX\tex/generic/pgf\pgf.revision.tex
)
Package: pgfrcs 2025-08-29 v3.1.11a (3.1.11a)
))
Package: pgf 2025-08-29 v3.1.11a (3.1.11a)

(C:\Users\ZhuanZ\AppData\Local\Programs\MiKTeX\tex/latex/pgf/basiclayer\pgfcore
.sty
(C:\Users\ZhuanZ\AppData\Local\Programs\MiKTeX\tex/latex/pgf/systemlayer\pgfsys
.sty
(C:\Users\ZhuanZ\AppData\Local\Programs\MiKTeX\tex/generic/pgf/systemlayer\pgfs
ys.code.tex
Package: pgfsys 2025-08-29 v3.1.11a (3.1.11a)

(C:\Users\ZhuanZ\AppData\Local\Programs\MiKTeX\tex/generic/pgf/utilities\pgfkey
s.code.tex
\pgfkeys@pathtoks=\toks26
\pgfkeys@temptoks=\toks27

(C:\Users\ZhuanZ\AppData\Local\Programs\MiKTeX\tex/generic/pgf/utilities\pgfkey
slibraryfiltered.code.tex
\pgfkeys@tmptoks=\toks28
))
\pgf@x=\dimen162
\pgf@y=\dimen163
\pgf@xa=\dimen164
\pgf@ya=\dimen165
\pgf@xb=\dimen166
\pgf@yb=\dimen167
\pgf@xc=\dimen168
\pgf@yc=\dimen169
\pgf@xd=\dimen170
\pgf@yd=\dimen171
\w@pgf@writea=\write3
\r@pgf@reada=\read2
\c@pgf@counta=\count296
\c@pgf@countb=\count297
\c@pgf@countc=\count298
\c@pgf@countd=\count299
\t@pgf@toka=\toks29
\t@pgf@tokb=\toks30
\t@pgf@tokc=\toks31
\pgf@sys@id@count=\count300

(C:\Users\ZhuanZ\AppData\Local\Programs\MiKTeX\tex/generic/pgf/systemlayer\pgf.
cfg
File: pgf.cfg 2025-08-29 v3.1.11a (3.1.11a)
)
Driver file for pgf: pgfsys-pdftex.def

(C:\Users\ZhuanZ\AppData\Local\Programs\MiKTeX\tex/generic/pgf/systemlayer\pgfs
ys-pdftex.def
File: pgfsys-pdftex.def 2025-08-29 v3.1.11a (3.1.11a)

(C:\Users\ZhuanZ\AppData\Local\Programs\MiKTeX\tex/generic/pgf/systemlayer\pgfs
ys-common-pdf.def
File: pgfsys-common-pdf.def 2025-08-29 v3.1.11a (3.1.11a)
)))
(C:\Users\ZhuanZ\AppData\Local\Programs\MiKTeX\tex/generic/pgf/systemlayer\pgfs
yssoftpath.code.tex
File: pgfsyssoftpath.code.tex 2025-08-29 v3.1.11a (3.1.11a)
\pgfsyssoftpath@smallbuffer@items=\count301
\pgfsyssoftpath@bigbuffer@items=\count302
)
(C:\Users\ZhuanZ\AppData\Local\Programs\MiKTeX\tex/generic/pgf/systemlayer\pgfs
ysprotocol.code.tex
File: pgfsysprotocol.code.tex 2025-08-29 v3.1.11a (3.1.11a)
))
(C:\Users\ZhuanZ\AppData\Local\Programs\MiKTeX\tex/latex/xcolor\xcolor.sty
Package: xcolor 2024/09/29 v3.02 LaTeX color extensions (UK)

(C:\Users\ZhuanZ\AppData\Local\Programs\MiKTeX\tex/latex/graphics-cfg\color.cfg
File: color.cfg 2016/01/02 v1.6 sample color configuration
)
Package xcolor Info: Driver file: pdftex.def on input line 274.

(C:\Users\ZhuanZ\AppData\Local\Programs\MiKTeX\tex/latex/graphics\mathcolor.ltx
)
Package xcolor Info: Model `cmy' substituted by `cmy0' on input line 1349.
Package xcolor Info: Model `hsb' substituted by `rgb' on input line 1353.
Package xcolor Info: Model `RGB' extended on input line 1365.
Package xcolor Info: Model `HTML' substituted by `rgb' on input line 1367.
Package xcolor Info: Model `Hsb' substituted by `hsb' on input line 1368.
Package xcolor Info: Model `tHsb' substituted by `hsb' on input line 1369.
Package xcolor Info: Model `HSB' substituted by `hsb' on input line 1370.
Package xcolor Info: Model `Gray' substituted by `gray' on input line 1371.
Package xcolor Info: Model `wave' substituted by `hsb' on input line 1372.
)
(C:\Users\ZhuanZ\AppData\Local\Programs\MiKTeX\tex/generic/pgf/basiclayer\pgfco
re.code.tex
Package: pgfcore 2025-08-29 v3.1.11a (3.1.11a)

(C:\Users\ZhuanZ\AppData\Local\Programs\MiKTeX\tex/generic/pgf/math\pgfmath.cod
e.tex
(C:\Users\ZhuanZ\AppData\Local\Programs\MiKTeX\tex/generic/pgf/math\pgfmathutil
.code.tex)
(C:\Users\ZhuanZ\AppData\Local\Programs\MiKTeX\tex/generic/pgf/math\pgfmathpars
er.code.tex
\pgfmath@dimen=\dimen172
\pgfmath@count=\count303
\pgfmath@box=\box56
\pgfmath@toks=\toks32
\pgfmath@stack@operand=\toks33
\pgfmath@stack@operation=\toks34
)
(C:\Users\ZhuanZ\AppData\Local\Programs\MiKTeX\tex/generic/pgf/math\pgfmathfunc
tions.code.tex)
(C:\Users\ZhuanZ\AppData\Local\Programs\MiKTeX\tex/generic/pgf/math\pgfmathfunc
tions.basic.code.tex)
(C:\Users\ZhuanZ\AppData\Local\Programs\MiKTeX\tex/generic/pgf/math\pgfmathfunc
tions.trigonometric.code.tex)
(C:\Users\ZhuanZ\AppData\Local\Programs\MiKTeX\tex/generic/pgf/math\pgfmathfunc
tions.random.code.tex)
(C:\Users\ZhuanZ\AppData\Local\Programs\MiKTeX\tex/generic/pgf/math\pgfmathfunc
tions.comparison.code.tex)
(C:\Users\ZhuanZ\AppData\Local\Programs\MiKTeX\tex/generic/pgf/math\pgfmathfunc
tions.base.code.tex)
(C:\Users\ZhuanZ\AppData\Local\Programs\MiKTeX\tex/generic/pgf/math\pgfmathfunc
tions.round.code.tex)
(C:\Users\ZhuanZ\AppData\Local\Programs\MiKTeX\tex/generic/pgf/math\pgfmathfunc
tions.misc.code.tex)
(C:\Users\ZhuanZ\AppData\Local\Programs\MiKTeX\tex/generic/pgf/math\pgfmathfunc
tions.integerarithmetics.code.tex)
(C:\Users\ZhuanZ\AppData\Local\Programs\MiKTeX\tex/generic/pgf/math\pgfmathcalc
.code.tex)
(C:\Users\ZhuanZ\AppData\Local\Programs\MiKTeX\tex/generic/pgf/math\pgfmathfloa
t.code.tex
\c@pgfmathroundto@lastzeros=\count304
))
(C:\Users\ZhuanZ\AppData\Local\Programs\MiKTeX\tex/generic/pgf/math\pgfint.code
.tex)
(C:\Users\ZhuanZ\AppData\Local\Programs\MiKTeX\tex/generic/pgf/basiclayer\pgfco
repoints.code.tex
File: pgfcorepoints.code.tex 2025-08-29 v3.1.11a (3.1.11a)
\pgf@picminx=\dimen173
\pgf@picmaxx=\dimen174
\pgf@picminy=\dimen175
\pgf@picmaxy=\dimen176
\pgf@pathminx=\dimen177
\pgf@pathmaxx=\dimen178
\pgf@pathminy=\dimen179
\pgf@pathmaxy=\dimen180
\pgf@xx=\dimen181
\pgf@xy=\dimen182
\pgf@yx=\dimen183
\pgf@yy=\dimen184
\pgf@zx=\dimen185
\pgf@zy=\dimen186
)
(C:\Users\ZhuanZ\AppData\Local\Programs\MiKTeX\tex/generic/pgf/basiclayer\pgfco
repathconstruct.code.tex
File: pgfcorepathconstruct.code.tex 2025-08-29 v3.1.11a (3.1.11a)
\pgf@path@lastx=\dimen187
\pgf@path@lasty=\dimen188
)
(C:\Users\ZhuanZ\AppData\Local\Programs\MiKTeX\tex/generic/pgf/basiclayer\pgfco
repathusage.code.tex
File: pgfcorepathusage.code.tex 2025-08-29 v3.1.11a (3.1.11a)
\pgf@shorten@end@additional=\dimen189
\pgf@shorten@start@additional=\dimen190
)
(C:\Users\ZhuanZ\AppData\Local\Programs\MiKTeX\tex/generic/pgf/basiclayer\pgfco
rescopes.code.tex
File: pgfcorescopes.code.tex 2025-08-29 v3.1.11a (3.1.11a)
\pgfpic=\box57
\pgf@hbox=\box58
\pgf@layerbox@main=\box59
\pgf@picture@serial@count=\count305
)
(C:\Users\ZhuanZ\AppData\Local\Programs\MiKTeX\tex/generic/pgf/basiclayer\pgfco
regraphicstate.code.tex
File: pgfcoregraphicstate.code.tex 2025-08-29 v3.1.11a (3.1.11a)
\pgflinewidth=\dimen191
)
(C:\Users\ZhuanZ\AppData\Local\Programs\MiKTeX\tex/generic/pgf/basiclayer\pgfco
retransformations.code.tex
File: pgfcoretransformations.code.tex 2025-08-29 v3.1.11a (3.1.11a)
\pgf@pt@x=\dimen192
\pgf@pt@y=\dimen193
\pgf@pt@temp=\dimen194
)
(C:\Users\ZhuanZ\AppData\Local\Programs\MiKTeX\tex/generic/pgf/basiclayer\pgfco
requick.code.tex
File: pgfcorequick.code.tex 2025-08-29 v3.1.11a (3.1.11a)
)
(C:\Users\ZhuanZ\AppData\Local\Programs\MiKTeX\tex/generic/pgf/basiclayer\pgfco
reobjects.code.tex
File: pgfcoreobjects.code.tex 2025-08-29 v3.1.11a (3.1.11a)
)
(C:\Users\ZhuanZ\AppData\Local\Programs\MiKTeX\tex/generic/pgf/basiclayer\pgfco
repathprocessing.code.tex
File: pgfcorepathprocessing.code.tex 2025-08-29 v3.1.11a (3.1.11a)
)
(C:\Users\ZhuanZ\AppData\Local\Programs\MiKTeX\tex/generic/pgf/basiclayer\pgfco
rearrows.code.tex
File: pgfcorearrows.code.tex 2025-08-29 v3.1.11a (3.1.11a)
\pgfarrowsep=\dimen195
)
(C:\Users\ZhuanZ\AppData\Local\Programs\MiKTeX\tex/generic/pgf/basiclayer\pgfco
reshade.code.tex
File: pgfcoreshade.code.tex 2025-08-29 v3.1.11a (3.1.11a)
\pgf@max=\dimen196
\pgf@sys@shading@range@num=\count306
\pgf@shadingcount=\count307
)
(C:\Users\ZhuanZ\AppData\Local\Programs\MiKTeX\tex/generic/pgf/basiclayer\pgfco
reimage.code.tex
File: pgfcoreimage.code.tex 2025-08-29 v3.1.11a (3.1.11a)
)
(C:\Users\ZhuanZ\AppData\Local\Programs\MiKTeX\tex/generic/pgf/basiclayer\pgfco
reexternal.code.tex
File: pgfcoreexternal.code.tex 2025-08-29 v3.1.11a (3.1.11a)
\pgfexternal@startupbox=\box60
)
(C:\Users\ZhuanZ\AppData\Local\Programs\MiKTeX\tex/generic/pgf/basiclayer\pgfco
relayers.code.tex
File: pgfcorelayers.code.tex 2025-08-29 v3.1.11a (3.1.11a)
)
(C:\Users\ZhuanZ\AppData\Local\Programs\MiKTeX\tex/generic/pgf/basiclayer\pgfco
retransparency.code.tex
File: pgfcoretransparency.code.tex 2025-08-29 v3.1.11a (3.1.11a)
)
(C:\Users\ZhuanZ\AppData\Local\Programs\MiKTeX\tex/generic/pgf/basiclayer\pgfco
repatterns.code.tex
File: pgfcorepatterns.code.tex 2025-08-29 v3.1.11a (3.1.11a)
)
(C:\Users\ZhuanZ\AppData\Local\Programs\MiKTeX\tex/generic/pgf/basiclayer\pgfco
rerdf.code.tex
File: pgfcorerdf.code.tex 2025-08-29 v3.1.11a (3.1.11a)
)))
(C:\Users\ZhuanZ\AppData\Local\Programs\MiKTeX\tex/generic/pgf/modules\pgfmodul
eshapes.code.tex
File: pgfmoduleshapes.code.tex 2025-08-29 v3.1.11a (3.1.11a)
\pgfnodeparttextbox=\box61
)
(C:\Users\ZhuanZ\AppData\Local\Programs\MiKTeX\tex/generic/pgf/modules\pgfmodul
eplot.code.tex
File: pgfmoduleplot.code.tex 2025-08-29 v3.1.11a (3.1.11a)
)
(C:\Users\ZhuanZ\AppData\Local\Programs\MiKTeX\tex/latex/pgf/compatibility\pgfc
omp-version-0-65.sty
Package: pgfcomp-version-0-65 2025-08-29 v3.1.11a (3.1.11a)
\pgf@nodesepstart=\dimen197
\pgf@nodesepend=\dimen198
)
(C:\Users\ZhuanZ\AppData\Local\Programs\MiKTeX\tex/latex/pgf/compatibility\pgfc
omp-version-1-18.sty
Package: pgfcomp-version-1-18 2025-08-29 v3.1.11a (3.1.11a)
))
(C:\Users\ZhuanZ\AppData\Local\Programs\MiKTeX\tex/latex/pgf/utilities\pgffor.s
ty
(C:\Users\ZhuanZ\AppData\Local\Programs\MiKTeX\tex/latex/pgf/utilities\pgfkeys.
sty
(C:\Users\ZhuanZ\AppData\Local\Programs\MiKTeX\tex/generic/pgf/utilities\pgfkey
s.code.tex))
(C:\Users\ZhuanZ\AppData\Local\Programs\MiKTeX\tex/latex/pgf/math\pgfmath.sty
(C:\Users\ZhuanZ\AppData\Local\Programs\MiKTeX\tex/generic/pgf/math\pgfmath.cod
e.tex))
(C:\Users\ZhuanZ\AppData\Local\Programs\MiKTeX\tex/generic/pgf/utilities\pgffor
.code.tex
Package: pgffor 2025-08-29 v3.1.11a (3.1.11a)
\pgffor@iter=\dimen199
\pgffor@skip=\dimen256
\pgffor@stack=\toks35
\pgffor@toks=\toks36
))
(C:\Users\ZhuanZ\AppData\Local\Programs\MiKTeX\tex/generic/pgf/frontendlayer/ti
kz\tikz.code.tex
Package: tikz 2025-08-29 v3.1.11a (3.1.11a)

(C:\Users\ZhuanZ\AppData\Local\Programs\MiKTeX\tex/generic/pgf/libraries\pgflib
raryplothandlers.code.tex
File: pgflibraryplothandlers.code.tex 2025-08-29 v3.1.11a (3.1.11a)
\pgf@plot@mark@count=\count308
\pgfplotmarksize=\dimen257
)
\tikz@lastx=\dimen258
\tikz@lasty=\dimen259
\tikz@lastxsaved=\dimen260
\tikz@lastysaved=\dimen261
\tikz@lastmovetox=\dimen262
\tikz@lastmovetoy=\dimen263
\tikzleveldistance=\dimen264
\tikzsiblingdistance=\dimen265
\tikz@figbox=\box62
\tikz@figbox@bg=\box63
\tikz@tempbox=\box64
\tikz@tempbox@bg=\box65
\tikztreelevel=\count309
\tikznumberofchildren=\count310
\tikznumberofcurrentchild=\count311
\tikz@fig@count=\count312

(C:\Users\ZhuanZ\AppData\Local\Programs\MiKTeX\tex/generic/pgf/modules\pgfmodul
ematrix.code.tex
File: pgfmodulematrix.code.tex 2025-08-29 v3.1.11a (3.1.11a)
\pgfmatrixcurrentrow=\count313
\pgfmatrixcurrentcolumn=\count314
\pgf@matrix@numberofcolumns=\count315
)
\tikz@expandcount=\count316

(C:\Users\ZhuanZ\AppData\Local\Programs\MiKTeX\tex/generic/pgf/frontendlayer/ti
kz/libraries\tikzlibrarytopaths.code.tex
File: tikzlibrarytopaths.code.tex 2025-08-29 v3.1.11a (3.1.11a)
)))
(C:\Users\ZhuanZ\AppData\Local\Programs\MiKTeX\tex/generic/pgf/frontendlayer/ti
kz/libraries\tikzlibrarypositioning.code.tex
File: tikzlibrarypositioning.code.tex 2025-08-29 v3.1.11a (3.1.11a)
)
(C:\Users\ZhuanZ\AppData\Local\Programs\MiKTeX\tex/generic/pgf/frontendlayer/ti
kz/libraries\tikzlibraryshapes.geometric.code.tex
File: tikzlibraryshapes.geometric.code.tex 2025-08-29 v3.1.11a (3.1.11a)

(C:\Users\ZhuanZ\AppData\Local\Programs\MiKTeX\tex/generic/pgf/libraries/shapes
\pgflibraryshapes.geometric.code.tex
File: pgflibraryshapes.geometric.code.tex 2025-08-29 v3.1.11a (3.1.11a)
))
(C:\Users\ZhuanZ\AppData\Local\Programs\MiKTeX\tex/latex/algorithms\algorithm.s
ty
Package: algorithm 2009/08/24 v0.1 Document Style `algorithm' - floating enviro
nment
 (C:\Users\ZhuanZ\AppData\Local\Programs\MiKTeX\tex/latex/float\float.sty
Package: float 2001/11/08 v1.3d Float enhancements (AL)
\c@float@type=\count317
\float@exts=\toks37
\float@box=\box66
\@float@everytoks=\toks38
\@floatcapt=\box67
)
(C:\Users\ZhuanZ\AppData\Local\Programs\MiKTeX\tex/latex/base\ifthen.sty
Package: ifthen 2024/03/16 v1.1e Standard LaTeX ifthen package (DPC)
)
\@float@every@algorithm=\toks39
\c@algorithm=\count318
)
(C:\Users\ZhuanZ\AppData\Local\Programs\MiKTeX\tex/latex/algorithmicx\algpseudo
code.sty
Package: algpseudocode 

(C:\Users\ZhuanZ\AppData\Local\Programs\MiKTeX\tex/latex/algorithmicx\algorithm
icx.sty
Package: algorithmicx 2005/04/27 v1.2 Algorithmicx

Document Style algorithmicx 1.2 - a greatly improved `algorithmic' style
\c@ALG@line=\count319
\c@ALG@rem=\count320
\c@ALG@nested=\count321
\ALG@tlm=\skip54
\ALG@thistlm=\skip55
\c@ALG@Lnr=\count322
\c@ALG@blocknr=\count323
\c@ALG@storecount=\count324
\c@ALG@tmpcounter=\count325
\ALG@tmplength=\skip56
)
Document Style - pseudocode environments for use with the `algorithmicx' style
)
(C:\Users\ZhuanZ\AppData\Local\Programs\MiKTeX\tex/latex/booktabs\booktabs.sty
Package: booktabs 2020/01/12 v1.61803398 Publication quality tables
\heavyrulewidth=\dimen266
\lightrulewidth=\dimen267
\cmidrulewidth=\dimen268
\belowrulesep=\dimen269
\belowbottomsep=\dimen270
\aboverulesep=\dimen271
\abovetopsep=\dimen272
\cmidrulesep=\dimen273
\cmidrulekern=\dimen274
\defaultaddspace=\dimen275
\@cmidla=\count326
\@cmidlb=\count327
\@aboverulesep=\dimen276
\@belowrulesep=\dimen277
\@thisruleclass=\count328
\@lastruleclass=\count329
\@thisrulewidth=\dimen278
) (C:\Users\ZhuanZ\AppData\Local\Programs\MiKTeX\tex/latex/hyperref\hyperref.st
y
Package: hyperref 2025-07-12 v7.01o Hypertext links for LaTeX
(C:\Users\ZhuanZ\AppData\Local\Programs\MiKTeX\tex/generic/iftex\iftex.sty
Package: iftex 2024/12/12 v1.0g TeX engine tests
)
(C:\Users\ZhuanZ\AppData\Local\Programs\MiKTeX\tex/latex/kvsetkeys\kvsetkeys.st
y
Package: kvsetkeys 2022-10-05 v1.19 Key value parser (HO)
)
(C:\Users\ZhuanZ\AppData\Local\Programs\MiKTeX\tex/generic/kvdefinekeys\kvdefin
ekeys.sty
Package: kvdefinekeys 2019-12-19 v1.6 Define keys (HO)
)
(C:\Users\ZhuanZ\AppData\Local\Programs\MiKTeX\tex/generic/pdfescape\pdfescape.
sty
Package: pdfescape 2019/12/09 v1.15 Implements pdfTeX's escape features (HO)

(C:\Users\ZhuanZ\AppData\Local\Programs\MiKTeX\tex/generic/ltxcmds\ltxcmds.sty
Package: ltxcmds 2023-12-04 v1.26 LaTeX kernel commands for general use (HO)
)
(C:\Users\ZhuanZ\AppData\Local\Programs\MiKTeX\tex/generic/pdftexcmds\pdftexcmd
s.sty
Package: pdftexcmds 2020-06-27 v0.33 Utility functions of pdfTeX for LuaTeX (HO
)

(C:\Users\ZhuanZ\AppData\Local\Programs\MiKTeX\tex/generic/infwarerr\infwarerr.
sty
Package: infwarerr 2019/12/03 v1.5 Providing info/warning/error messages (HO)
)
Package pdftexcmds Info: \pdf@primitive is available.
Package pdftexcmds Info: \pdf@ifprimitive is available.
Package pdftexcmds Info: \pdfdraftmode found.
))
(C:\Users\ZhuanZ\AppData\Local\Programs\MiKTeX\tex/latex/hycolor\hycolor.sty
Package: hycolor 2020-01-27 v1.10 Color options for hyperref/bookmark (HO)
)
(C:\Users\ZhuanZ\AppData\Local\Programs\MiKTeX\tex/latex/hyperref\nameref.sty
Package: nameref 2025-06-21 v2.57 Cross-referencing by name of section

(C:\Users\ZhuanZ\AppData\Local\Programs\MiKTeX\tex/latex/refcount\refcount.sty
Package: refcount 2019/12/15 v3.6 Data extraction from label references (HO)
)
(C:\Users\ZhuanZ\AppData\Local\Programs\MiKTeX\tex/generic/gettitlestring\getti
tlestring.sty
Package: gettitlestring 2019/12/15 v1.6 Cleanup title references (HO)

(C:\Users\ZhuanZ\AppData\Local\Programs\MiKTeX\tex/latex/kvoptions\kvoptions.st
y
Package: kvoptions 2022-06-15 v3.15 Key value format for package options (HO)
))
\c@section@level=\count330
)
(C:\Users\ZhuanZ\AppData\Local\Programs\MiKTeX\tex/latex/etoolbox\etoolbox.sty
Package: etoolbox 2025/10/02 v2.5m e-TeX tools for LaTeX (JAW)
\etb@tempcnta=\count331
)
(C:\Users\ZhuanZ\AppData\Local\Programs\MiKTeX\tex/generic/stringenc\stringenc.
sty
Package: stringenc 2019/11/29 v1.12 Convert strings between diff. encodings (HO
)
)
\@linkdim=\dimen279
\Hy@linkcounter=\count332
\Hy@pagecounter=\count333

(C:\Users\ZhuanZ\AppData\Local\Programs\MiKTeX\tex/latex/hyperref\pd1enc.def
File: pd1enc.def 2025-07-12 v7.01o Hyperref: PDFDocEncoding definition (HO)
Now handling font encoding PD1 ...
... no UTF-8 mapping file for font encoding PD1
)
(C:\Users\ZhuanZ\AppData\Local\Programs\MiKTeX\tex/generic/intcalc\intcalc.sty
Package: intcalc 2019/12/15 v1.3 Expandable calculations with integers (HO)
)
\Hy@SavedSpaceFactor=\count334
(C:\Users\ZhuanZ\AppData\Local\Programs\MiKTeX\tex/latex/hyperref\puenc.def
File: puenc.def 2025-07-12 v7.01o Hyperref: PDF Unicode definition (HO)
Now handling font encoding PU ...
... no UTF-8 mapping file for font encoding PU
)
Package hyperref Info: Hyper figures OFF on input line 4195.
Package hyperref Info: Link nesting OFF on input line 4200.
Package hyperref Info: Hyper index ON on input line 4203.
Package hyperref Info: Plain pages OFF on input line 4210.
Package hyperref Info: Backreferencing OFF on input line 4215.
Package hyperref Info: Implicit mode ON; LaTeX internals redefined.
Package hyperref Info: Bookmarks ON on input line 4462.
\c@Hy@tempcnt=\count335

(C:\Users\ZhuanZ\AppData\Local\Programs\MiKTeX\tex/latex/url\url.sty
\Urlmuskip=\muskip18
Package: url 2013/09/16  ver 3.4  Verb mode for urls, etc.
)
LaTeX Info: Redefining \url on input line 4801.
\XeTeXLinkMargin=\dimen280

(C:\Users\ZhuanZ\AppData\Local\Programs\MiKTeX\tex/generic/bitset\bitset.sty
Package: bitset 2019/12/09 v1.3 Handle bit-vector datatype (HO)

(C:\Users\ZhuanZ\AppData\Local\Programs\MiKTeX\tex/generic/bigintcalc\bigintcal
c.sty
Package: bigintcalc 2019/12/15 v1.5 Expandable calculations on big integers (HO
)
))
\Fld@menulength=\count336
\Field@Width=\dimen281
\Fld@charsize=\dimen282
Package hyperref Info: Hyper figures OFF on input line 6078.
Package hyperref Info: Link nesting OFF on input line 6083.
Package hyperref Info: Hyper index ON on input line 6086.
Package hyperref Info: backreferencing OFF on input line 6093.
Package hyperref Info: Link coloring OFF on input line 6098.
Package hyperref Info: Link coloring with OCG OFF on input line 6103.
Package hyperref Info: PDF/A mode OFF on input line 6108.
\Hy@abspage=\count337
\c@Item=\count338
\c@Hfootnote=\count339
)
Package hyperref Info: Driver (autodetected): hpdftex.

(C:\Users\ZhuanZ\AppData\Local\Programs\MiKTeX\tex/latex/hyperref\hpdftex.def
File: hpdftex.def 2025-07-12 v7.01o Hyperref driver for pdfTeX
\Fld@listcount=\count340
\c@bookmark@seq@number=\count341

(C:\Users\ZhuanZ\AppData\Local\Programs\MiKTeX\tex/latex/rerunfilecheck\rerunfi
lecheck.sty
Package: rerunfilecheck 2025-06-21 v1.11 Rerun checks for auxiliary files (HO)

(C:\Users\ZhuanZ\AppData\Local\Programs\MiKTeX\tex/generic/uniquecounter\unique
counter.sty
Package: uniquecounter 2019/12/15 v1.4 Provide unlimited unique counter (HO)
)
Package uniquecounter Info: New unique counter `rerunfilecheck' on input line 2
84.
)
\Hy@SectionHShift=\skip57
)
LaTeX Font Info:    Trying to load font information for T1+lmr on input line 22
.

(C:\Users\ZhuanZ\AppData\Local\Programs\MiKTeX\tex/latex/lm\t1lmr.fd
File: t1lmr.fd 2015/05/01 v1.6.1 Font defs for Latin Modern
)
(C:\Users\ZhuanZ\AppData\Local\Programs\MiKTeX\tex/latex/l3backend\l3backend-pd
ftex.def
File: l3backend-pdftex.def 2025-10-09 L3 backend support: PDF output (pdfTeX)
\l__color_backend_stack_int=\count342
) (main.aux)
\openout1 = `main.aux'.

LaTeX Font Info:    Checking defaults for OML/cmm/m/it on input line 22.
LaTeX Font Info:    ... okay on input line 22.
LaTeX Font Info:    Checking defaults for OMS/cmsy/m/n on input line 22.
LaTeX Font Info:    ... okay on input line 22.
LaTeX Font Info:    Checking defaults for OT1/cmr/m/n on input line 22.
LaTeX Font Info:    ... okay on input line 22.
LaTeX Font Info:    Checking defaults for T1/cmr/m/n on input line 22.
LaTeX Font Info:    ... okay on input line 22.
LaTeX Font Info:    Checking defaults for TS1/cmr/m/n on input line 22.
LaTeX Font Info:    ... okay on input line 22.
LaTeX Font Info:    Checking defaults for OMX/cmex/m/n on input line 22.
LaTeX Font Info:    ... okay on input line 22.
LaTeX Font Info:    Checking defaults for U/cmr/m/n on input line 22.
LaTeX Font Info:    ... okay on input line 22.
LaTeX Font Info:    Checking defaults for PD1/pdf/m/n on input line 22.
LaTeX Font Info:    ... okay on input line 22.
LaTeX Font Info:    Checking defaults for PU/pdf/m/n on input line 22.
LaTeX Font Info:    ... okay on input line 22.

(C:\Users\ZhuanZ\AppData\Local\Programs\MiKTeX\tex/context/base/mkii\supp-pdf.m
kii
[Loading MPS to PDF converter (version 2006.09.02).]
\scratchcounter=\count343
\scratchdimen=\dimen283
\scratchbox=\box68
\nofMPsegments=\count344
\nofMParguments=\count345
\everyMPshowfont=\toks40
\MPscratchCnt=\count346
\MPscratchDim=\dimen284
\MPnumerator=\count347
\makeMPintoPDFobject=\count348
\everyMPtoPDFconversion=\toks41
)
(C:\Users\ZhuanZ\AppData\Local\Programs\MiKTeX\tex/latex/epstopdf-pkg\epstopdf-
base.sty
Package: epstopdf-base 2020-01-24 v2.11 Base part for package epstopdf
Package epstopdf-base Info: Redefining graphics rule for `.eps' on input line 4
85.

(C:\Users\ZhuanZ\AppData\Local\Programs\MiKTeX\tex/latex/00miktex\epstopdf-sys.
cfg
File: epstopdf-sys.cfg 2021/03/18 v2.0 Configuration of epstopdf for MiKTeX
))
Package hyperref Info: Link coloring OFF on input line 22.
 (main.out) (main.out)
\@outlinefile=\write4
\openout4 = `main.out'.

LaTeX Font Info:    Trying to load font information for OT1+lmr on input line 2
5.

(C:\Users\ZhuanZ\AppData\Local\Programs\MiKTeX\tex/latex/lm\ot1lmr.fd
File: ot1lmr.fd 2015/05/01 v1.6.1 Font defs for Latin Modern
)
LaTeX Font Info:    Trying to load font information for OML+lmm on input line 2
5.

(C:\Users\ZhuanZ\AppData\Local\Programs\MiKTeX\tex/latex/lm\omllmm.fd
File: omllmm.fd 2015/05/01 v1.6.1 Font defs for Latin Modern
)
LaTeX Font Info:    Trying to load font information for OMS+lmsy on input line 
25.

(C:\Users\ZhuanZ\AppData\Local\Programs\MiKTeX\tex/latex/lm\omslmsy.fd
File: omslmsy.fd 2015/05/01 v1.6.1 Font defs for Latin Modern
)
LaTeX Font Info:    Trying to load font information for OMX+lmex on input line 
25.

(C:\Users\ZhuanZ\AppData\Local\Programs\MiKTeX\tex/latex/lm\omxlmex.fd
File: omxlmex.fd 2015/05/01 v1.6.1 Font defs for Latin Modern
)
LaTeX Font Info:    External font `lmex10' loaded for size
(Font)              <14.4> on input line 25.
LaTeX Font Info:    External font `lmex10' loaded for size
(Font)              <10> on input line 25.
LaTeX Font Info:    External font `lmex10' loaded for size
(Font)              <7> on input line 25.
LaTeX Font Info:    Trying to load font information for U+msa on input line 25.


(C:\Users\ZhuanZ\AppData\Local\Programs\MiKTeX\tex/latex/amsfonts\umsa.fd
File: umsa.fd 2013/01/14 v3.01 AMS symbols A
)
LaTeX Font Info:    Trying to load font information for U+msb on input line 25.


(C:\Users\ZhuanZ\AppData\Local\Programs\MiKTeX\tex/latex/amsfonts\umsb.fd
File: umsb.fd 2013/01/14 v3.01 AMS symbols B
)
[1

{C:/Users/ZhuanZ/AppData/Local/MiKTeX/fonts/map/pdftex/pdftex.map}{C:/Users/Zhu
anZ/AppData/Local/Programs/MiKTeX/fonts/enc/dvips/lm/lm-ec.enc}] (main.toc
LaTeX Font Info:    External font `lmex10' loaded for size
(Font)              <12> on input line 2.
LaTeX Font Info:    External font `lmex10' loaded for size
(Font)              <8> on input line 2.
LaTeX Font Info:    External font `lmex10' loaded for size
(Font)              <6> on input line 2.

pdfTeX warning (ext4): destination with the same identifier (name{page.1}) has 
been already used, duplicate ignored
<to be read again> 
                   \relax 
l.29 ...emporal Conditions}{39}{subsection.2.11.7}
                                                  % [1

] [2] [3] [4] [5])
\tf@toc=\write5
\openout5 = `main.toc'.


(chapter1_introduction.tex [6]
Chapter 1.
[7

]
Overfull \hbox (21.63937pt too wide) in paragraph at lines 26--27
[]\T1/lmr/m/n/12 This the-sis in-ves-ti-gates temporal-state-aware com-pact rou
t-ing with coherence-
 []

[8]
Overfull \hbox (0.74834pt too wide) in paragraph at lines 30--31
[]\T1/lmr/m/n/12 A compact-routing pro-to-col may iden-tify a struc-turally val
id path through
 []

[9]
Overfull \hbox (2.02415pt too wide) in paragraph at lines 48--49
\T1/lmr/m/n/12 Existing quantum-native compact-routing ar-chi-tec-tures pro-vid
e scal-able rout-
 []

LaTeX Font Info:    Trying to load font information for TS1+lmr on input line 6
3.
(C:\Users\ZhuanZ\AppData\Local\Programs\MiKTeX\tex/latex/lm\ts1lmr.fd
File: ts1lmr.fd 2015/05/01 v1.6.1 Font defs for Latin Modern
) [10]
Overfull \hbox (8.38985pt too wide) in paragraph at lines 82--83
[]\T1/lmr/m/n/12 To ex-tend the ex-ist-ing static entangling-cost model into a 
time-dependent
 []


Overfull \hbox (8.0889pt too wide) in paragraph at lines 86--87
[]\T1/lmr/m/n/12 To de-sign a coherence-budget-aware rout-ing al-go-rithm for P
artial-Anchor
 []

[11{C:/Users/ZhuanZ/AppData/Local/Programs/MiKTeX/fonts/enc/dvips/lm/lm-ts1.enc
}]
Overfull \hbox (8.32494pt too wide) in paragraph at lines 94--95
[]\T1/lmr/m/n/12 To com-pare the pro-posed method against static com-pact rout-
ing, fidelity-
 []


Overfull \hbox (2.50964pt too wide) in paragraph at lines 112--113
[]\T1/lmr/m/n/12 How should re-gen-er-a-tion re-sources be pri-or-i-tized among
 lo-cal e-neighbor
 []

[12]
Overfull \hbox (13.86775pt too wide) in paragraph at lines 134--135
[]\T1/lmr/m/n/12 A tem-po-ral entangling-stretch for-mu-la-tion that eval-u-ate
s compact-routing
 []

[13]) (chapter2_literature_review.tex [14]
Chapter 2.
[15

] [16{C:/Users/ZhuanZ/AppData/Local/Programs/MiKTeX/fonts/enc/dvips/lm/lm-maths
y.enc}{C:/Users/ZhuanZ/AppData/Local/Programs/MiKTeX/fonts/enc/dvips/lm/lm-math
it.enc}{C:/Users/ZhuanZ/AppData/Local/Programs/MiKTeX/fonts/enc/dvips/lm/lm-rm.
enc}] [17] [18{C:/Users/ZhuanZ/AppData/Local/Programs/MiKTeX/fonts/enc/dvips/lm
/lm-mathex.enc}] [19]
Overfull \hbox (1.01233pt too wide) in paragraph at lines 180--181
[]\T1/lmr/m/n/12 where con-sec-u-tive nodes are con-nected through phys-i-cal o
r pre-established
 []

[20] [21]

LaTeX Warning: Citation `pirandola2020advances' on page 22 undefined on input l
ine 258.

[22] [23] [24] [25] [26]
Overfull \hbox (18.44437pt too wide) in paragraph at lines 482--483
[]\T1/lmr/m/n/12 The pro-posed the-sis ad-dresses this lim-i-ta-tion by ex-tend
-ing com-pact quantum-
 []


Overfull \hbox (11.5904pt too wide) in paragraph at lines 511--512
[]\T1/lmr/m/n/12 This for-mu-la-tion jointly cap-tures de-liv-ery reg-u-lar-ity
 and fidelity-conditioned
 []

[27] [28] [29] [30]
Overfull \hbox (4.27641pt too wide) in paragraph at lines 653--654
[]\T1/lmr/m/n/12 Consequently, over-lay main-te-nance or re-gen-er-a-tion alone
 can-not be treated
 []

[31] [32] [33] [34]
Overfull \hbox (0.36174pt too wide) in paragraph at lines 903--904
[]\T1/lmr/m/n/12 This de-sign in-creases artificial-overlay con-nec-tiv-ity whi
le main-tain-ing sub-
 []

[35]
LaTeX Font Info:    External font `lmex10' loaded for size
(Font)              <10.95> on input line 1085.

Underfull \hbox (badness 10000) in paragraph at lines 1085--1085
[]\T1/lmr/m/n/10.95 Quantum-native
 []


Underfull \hbox (badness 10000) in paragraph at lines 1085--1085
[]\T1/lmr/m/n/10.95 Fidelity-Age
 []


Underfull \hbox (badness 5359) in paragraph at lines 1085--1085
[]\T1/lmr/m/n/10.95 Belief-state adap-
 []

[36] [37]
Overfull \hbox (4.84138pt too wide) in paragraph at lines 1130--1130
[]\T1/lmr/bx/n/14.4 Limited Ar-chi-tec-tural Scope of Age-Aware Stud-
 []


Overfull \hbox (1.72618pt too wide) in paragraph at lines 1136--1136
[]\T1/lmr/bx/n/14.4 Regeneration With-out Compact-Overlay-Aware
 []

[38]
Overfull \hbox (134.8428pt too wide) detected at line 1158
[][][][]\OML/lmm/m/it/12 ;  [];  [];  [];  [];  []:
 []


Overfull \hbox (8.29082pt too wide) in paragraph at lines 1166--1167
[]\T1/lmr/m/n/12 Existing compact-routing schemes do not ex-plic-itly de-fine a
 route-feasibility
 []


Overfull \hbox (19.80652pt too wide) in paragraph at lines 1183--1183
[]\T1/lmr/bx/n/14.4 Insufficient Eval-u-a-tion Un-der Het-ero-ge-neous Tem-
 []


Overfull \hbox (23.17331pt too wide) in paragraph at lines 1193--1194
\T1/lmr/m/n/12 Existing re-search has in-de-pen-dently ad-vanced fidelity-aware
 rout-ing, decoherence-
 []

[39] [40]
Overfull \hbox (2.32088pt too wide) detected at line 1227
[][][][]  \OT1/lmr/m/n/12 +  []\OML/lmm/m/it/12 :
 []


Overfull \hbox (45.47925pt too wide) in paragraph at lines 1271--1272
[]\T1/lmr/bx/n/12 Temporal-State-Aware Quan-tum Rout-ing for Fidelity-Preservin
g
 []

[41]
Overfull \hbox (29.01767pt too wide) in paragraph at lines 1361--1362
[]\T1/lmr/m/n/12 The pro-posed frame-work sup-ports the fol-low-ing tem-po-ral 
resource-management
 []

[42]) (chapter3_system_model.tex [43] [44]
Chapter 3.
[45

]
<system_architecture.png, id=1512, 1541.76pt x 1027.84pt>
File: system_architecture.png Graphic file (type png)
<use system_architecture.png>
Package pdftex.def Info: system_architecture.png  used on input line 19.
(pdftex.def)             Requested size: 370.49881pt x 246.98462pt.
 [46 <./system_architecture.png (PNG copy)>] [47]
Overfull \hbox (19.14876pt too wide) in paragraph at lines 139--140
[]\T1/lmr/m/n/12 The pro-posed model con-sid-ers both Partial-Anchor and Full-A
nchor compact-
 []

[48] [49] [50] [51] [52] [53] [54] [55] [56]
Overfull \hbox (2.25587pt too wide) in paragraph at lines 864--865
[]\T1/lmr/m/n/12 This for-mu-la-tion en-sures that fi-delity grad-u-ally ap-pro
aches the fully mixed
 []

[57] [58] [59] [60]
Overfull \hbox (1.92201pt too wide) in paragraph at lines 1248--1249
[]\T1/lmr/m/n/12 A large pos-i-tive value in-di-cates a fresh and tem-po-rally 
ro-bust link, whereas
 []

[61] [62] [63] [64]
Overfull \hbox (4.69356pt too wide) detected at line 1658
[][][]\OML/lmm/m/it/12 w[]\OT1/lmr/m/n/12 (\OML/lmm/m/it/12 i; j\OT1/lmr/m/n/12
 ) = \OML/lmm/m/it/12 []C[]\OT1/lmr/m/n/12 (\OML/lmm/m/it/12 i; j; t\OT1/lmr/m
/n/12 ) + \OML/lmm/m/it/12 []C[]\OT1/lmr/m/n/12 (\OML/lmm/m/it/12 i; j; t\OT1/
lmr/m/n/12 ) + \OML/lmm/m/it/12 []C[]\OT1/lmr/m/n/12 (\OML/lmm/m/it/12 i; j; t
\OT1/lmr/m/n/12 ) + \OML/lmm/m/it/12 []C[]\OT1/lmr/m/n/12 (\OML/lmm/m/it/12 i;
 j; t\OT1/lmr/m/n/12 ) + \OML/lmm/m/it/12 []C[]\OT1/lmr/m/n/12 (\OML/lmm/m/it/
12 i; j\OT1/lmr/m/n/12 )\OML/lmm/m/it/12 ;
 []

[65] [66] [67] [68]
Overfull \hbox (2.57977pt too wide) in paragraph at lines 1952--1953
[]\T1/lmr/m/n/12 The met-ric weights will be an-a-lyzed through sen-si-tiv-ity 
ex-per-i-ments rather
 []

[69] [70] [71] [72] [73] [74]
Overfull \hbox (20.98672pt too wide) in paragraph at lines 2506--2507
\T1/lmr/m/n/12 net-works be-cause route se-lec-tion, re-gen-er-a-tion, re-sourc
e al-lo-ca-tion, and temporal-
 []

[75]
Overfull \hbox (7.01881pt too wide) in paragraph at lines 2522--2523
[]\T1/lmr/m/n/12 Temporal en-tan-gling stretch was de-fined to eval-u-ate the q
ual-ity of compact-
 []

) (chapter4_proposed_method.tex [76]
Chapter 4.
[77

] [78]
Overfull \hbox (5.45229pt too wide) in paragraph at lines 146--147
\T1/lmr/m/n/12 The method aims to se-lect a tem-po-rally fea-si-ble route with 
low time-dependent
 []

[79] [80] [81] [82] [83] [84] [85] [86] [87] [88] [89] [90]
Overfull \hbox (15.50694pt too wide) in paragraph at lines 992--992
[]\T1/lmr/bx/n/14.4 Candidate Con-struc-tion in the Full-Anchor Scheme 
 []

[91] [92] [93] [94] [95] [96] [97]
Overfull \hbox (4.69356pt too wide) detected at line 1616
[][][]\OML/lmm/m/it/12 w[]\OT1/lmr/m/n/12 (\OML/lmm/m/it/12 i; j\OT1/lmr/m/n/12
 ) = \OML/lmm/m/it/12 []C[]\OT1/lmr/m/n/12 (\OML/lmm/m/it/12 i; j; t\OT1/lmr/m
/n/12 ) + \OML/lmm/m/it/12 []C[]\OT1/lmr/m/n/12 (\OML/lmm/m/it/12 i; j; t\OT1/
lmr/m/n/12 ) + \OML/lmm/m/it/12 []C[]\OT1/lmr/m/n/12 (\OML/lmm/m/it/12 i; j; t
\OT1/lmr/m/n/12 ) + \OML/lmm/m/it/12 []C[]\OT1/lmr/m/n/12 (\OML/lmm/m/it/12 i;
 j; t\OT1/lmr/m/n/12 ) + \OML/lmm/m/it/12 []C[]\OT1/lmr/m/n/12 (\OML/lmm/m/it/
12 i; j\OT1/lmr/m/n/12 )\OML/lmm/m/it/12 :
 []

[98] [99] [100] [101]
Overfull \hbox (60.90611pt too wide) detected at line 1988
[][][]\OT1/lmr/m/n/12 ^^E[](\OML/lmm/m/it/12 t\OT1/lmr/m/n/12 ) = \OML/lmm/m/it
/12 ^^L[][]\OT1/lmr/m/n/12 (\OML/lmm/m/it/12 i; j; t\OT1/lmr/m/n/12 ) + \OML/lm
m/m/it/12 ^^L[][]\OT1/lmr/m/n/12 (\OML/lmm/m/it/12 i; j; t\OT1/lmr/m/n/12 ) + \
OML/lmm/m/it/12 ^^L[]I[] \OT1/lmr/m/n/12 + \OML/lmm/m/it/12 ^^L[]H[]\OT1/lmr/m/
n/12 (\OML/lmm/m/it/12 t\OT1/lmr/m/n/12 ) + \OML/lmm/m/it/12 ^^L[]Q[]\OT1/lmr/m
/n/12 (\OML/lmm/m/it/12 t\OT1/lmr/m/n/12 ) \OMS/lmsy/m/n/12 ^^@ \OML/lmm/m/it/1
2 ^^L[][]\OT1/lmr/m/n/12 (\OML/lmm/m/it/12 i; j; t\OT1/lmr/m/n/12 )\OML/lmm/m/i
t/12 ;
 []

[102] [103] [104] [105] [106] [107]
Overfull \hbox (0.8795pt too wide) in paragraph at lines 2637--2638
[]\T1/lmr/m/n/12 An e-link is not dis-carded when do-ing so would vi-o-late a r
e-quired compact-
 []

[108] [109] [110] [111] [112] [113] [114]
Overfull \hbox (13.91542pt too wide) detected at line 3200
[][][]\OT1/lmr/m/n/12 ^^@[](\OML/lmm/m/it/12 t\OT1/lmr/m/n/12 ) = []
 []

[115] [116] [117]
Overfull \hbox (15.50662pt too wide) in paragraph at lines 3346--3347
\T1/lmr/m/n/12 stricted by com-pact rout-ing ta-bles, an-chor sets, tracked lin
ks, and the maximum-
 []

[118] [119] [120] [121] [122]) (chapter5_simulation_setup.tex [123]
Chapter 5.
[124

]
Overfull \hbox (251.56436pt too wide) detected at line 38
[][][][] \OMS/lmsy/m/n/12 ! [] ! [] ! [] ! [] ! []\OML/lmm/m/it/12 :
 []

[125]
Overfull \hbox (23.10898pt too wide) in paragraph at lines 103--104
[]\T1/lmr/m/n/12 The im-ple-men-ta-tion uses Python be-cause it pro-vides ma-tu
re graph-processing,
 []


Overfull \hbox (3.81978pt too wide) in paragraph at lines 125--126
[]\T1/lmr/m/n/12 while the ar-ti-fi-cial en-tan-gle-ment over-lay is rep-re-sen
ted as a time-dependent
 []

[126] [127]
Package hyperref Info: bookmark level for unknown algorithm defaults to 0 on in
put line 184.
 [128]
Overfull \hbox (0.87523pt too wide) in paragraph at lines 276--277
\T1/lmr/m/n/12 In the ran-dom topol-ogy, ESP po-si-tions are gen-er-ated in-sid
e a two-dimensional
 []

[129] [130] [131]
Overfull \hbox (2.35207pt too wide) in paragraph at lines 433--434
[]\T1/lmr/m/n/12 where $\OML/lmm/m/it/12 L[]$ \T1/lmr/m/n/12 is the physical-li
nk dis-tance, $\OML/lmm/m/it/12 p[]$ \T1/lmr/m/n/12 is the elementary-entanglem
ent
 []


Underfull \hbox (badness 10000) in paragraph at lines 446--447
[]\T1/lmr/m/n/12 Topology de-pen-
 []


Underfull \hbox (badness 10000) in paragraph at lines 447--448
[]\T1/lmr/m/n/12 Distance de-pen-
 []


Underfull \hbox (badness 4634) in paragraph at lines 448--448
[]\T1/lmr/m/n/12 Initial el-e-men-tary fi-
 []


Underfull \hbox (badness 10000) in paragraph at lines 449--449
[]\T1/lmr/m/n/12 Memory co-her-ence
 []


Underfull \hbox (badness 10000) in paragraph at lines 451--451
[]\T1/lmr/m/n/12 Number of par-al-lel
 []


Underfull \hbox (badness 10000) in paragraph at lines 451--452
[]\T1/lmr/m/n/12 Hardware de-pen-
 []


Underfull \hbox (badness 4120) in paragraph at lines 452--452
[]\T1/lmr/m/n/12 Classical co-or-di-na-tion
 []


Underfull \hbox (badness 10000) in paragraph at lines 452--453
[]\T1/lmr/m/n/12 Distance de-pen-
 []


Underfull \hbox (badness 10000) in paragraph at lines 453--453
[]\T1/lmr/m/n/12 Elementary-generation
 []


Underfull \hbox (badness 10000) in paragraph at lines 454--454
[]\T1/lmr/m/n/12 Link-level fi-delity
 []


Underfull \hbox (badness 10000) in paragraph at lines 455--455
[]\T1/lmr/m/n/12 End-to-end fi-delity
 []

[132] [133] [134] [135] [136] [137] [138] [139] [140] [141]
Underfull \hbox (badness 10000) in paragraph at lines 1136--1136
[]\T1/lmr/bx/n/12 Main re-quire-
 []


Underfull \hbox (badness 1226) in paragraph at lines 1137--1138
[]\T1/lmr/bx/n/12 Routing pref-er-
 []


Underfull \hbox (badness 10000) in paragraph at lines 1140--1140
[]\T1/lmr/m/n/12 Moderate fi-delity
 []


Underfull \hbox (badness 10000) in paragraph at lines 1141--1142
[]\T1/lmr/m/n/12 Minimum to-tal
 []


Underfull \hbox (badness 10000) in paragraph at lines 1143--1143
[]\T1/lmr/m/n/12 Short com-ple-tion
 []


Underfull \hbox (badness 10000) in paragraph at lines 1144--1145
[]\T1/lmr/m/n/12 Low pre-dicted
 []


Underfull \hbox (badness 10000) in paragraph at lines 1147--1148
[]\T1/lmr/m/n/12 High pre-dicted
 []


Underfull \hbox (badness 10000) in paragraph at lines 1147--1148
\T1/lmr/m/n/12 con-sump-tion fi-
 []

[142] [143] [144] [145] [146]
Overfull \hbox (5.6082pt too wide) in paragraph at lines 1412--1412
[]\T1/lmr/bx/n/14.4 Proposed Method with-out Coherence-Budget Fil-
 []


Overfull \hbox (25.16605pt too wide) in paragraph at lines 1424--1425
[]\T1/lmr/m/n/12 This com-par-i-son mea-sures the spe-cific con-tri-bu-tion of 
the re-main-ing coherence-
 []


Overfull \hbox (17.64781pt too wide) in paragraph at lines 1426--1426
[]\T1/lmr/bx/n/14.4 Proposed Method with-out Consumption-Time Pre-
 []


Underfull \hbox (badness 4217) in paragraph at lines 1452--1452
[]\T1/lmr/m/n/12 Static En-tan-gling
 []


Underfull \hbox (badness 10000) in paragraph at lines 1458--1458
[]\T1/lmr/m/n/12 Current-Fidelity-
 []


Underfull \hbox (badness 2150) in paragraph at lines 1462--1462
[]\T1/lmr/m/n/12 Proposed with-out
 []


Underfull \hbox (badness 2150) in paragraph at lines 1464--1464
[]\T1/lmr/m/n/12 Proposed with-out
 []


Underfull \hbox (badness 2150) in paragraph at lines 1466--1466
[]\T1/lmr/m/n/12 Proposed with-out
 []


Underfull \hbox (badness 10000) in paragraph at lines 1468--1468
[]\T1/lmr/m/n/12 Proposed Full
 []


Overfull \hbox (115.14256pt too wide) in paragraph at lines 1442--1472
 [][] 
 []


Overfull \hbox (4.04816pt too wide) in paragraph at lines 1474--1475
[]\T1/lmr/m/n/12 For fair-ness, ev-ery method is con-strained by the same max-i
-mum candidate-
 []

[147] [148]
Overfull \hbox (0.90437pt too wide) in paragraph at lines 1492--1493
\T1/lmr/m/n/12 delity while in-creas-ing de-lay, mem-ory us-age, or re-gen-er-a
-tion over-head. There-
 []

[149] [150] [151] [152] [153]
Underfull \hbox (badness 10000) in paragraph at lines 1936--1936
[]\T1/lmr/bx/n/12 Preferred di-
 []


Underfull \hbox (badness 10000) in paragraph at lines 1947--1948
[]\T1/lmr/m/n/12 Prediction ac-cu-racy
 []


Underfull \hbox (badness 10000) in paragraph at lines 1951--1951
[]\T1/lmr/m/n/12 Temporal dis-con-nec-
 []


Underfull \hbox (badness 4726) in paragraph at lines 1953--1954
[]\T1/lmr/m/n/12 Robustness to stale
 []


Underfull \hbox (badness 10000) in paragraph at lines 1954--1954
[]\T1/lmr/m/n/12 Temporal en-tan-gling
 []


Underfull \hbox (badness 10000) in paragraph at lines 1959--1960
[]\T1/lmr/m/n/12 Maintenance ef-fi-
 []


Underfull \hbox (badness 10000) in paragraph at lines 1965--1966
[]\T1/lmr/m/n/12 Temporal-awareness
 []


Underfull \hbox (badness 10000) in paragraph at lines 1966--1966
[]\T1/lmr/m/n/12 Routing com-pu-ta-tion
 []


Underfull \hbox (badness 4595) in paragraph at lines 1968--1969
[]\T1/lmr/m/n/12 Algorithmic scal-a-bil-
 []


Underfull \hbox (badness 10000) in paragraph at lines 1970--1970
[]\T1/lmr/m/n/12 Lower and
 []


Underfull \hbox (badness 6461) in paragraph at lines 1971--1972
[]\T1/lmr/m/n/12 Compactness preser-
 []

[154] [155] [156] [157]
Overfull \hbox (6.37378pt too wide) in paragraph at lines 2155--2155
[]\T1/lmr/bx/n/14.4 Scenario 8: Partial-Anchor and Full-Anchor Com-
 []

[158] [159]
Underfull \hbox (badness 2837) in paragraph at lines 2279--2280
[]\T1/lmr/m/n/12 Evaluate com-pu-ta-tion, state,
 []


Underfull \hbox (badness 10000) in paragraph at lines 2280--2280
[]\T1/lmr/m/n/12 Coherence-time vari-a-
 []


Underfull \hbox (badness 7851) in paragraph at lines 2283--2284
[]\T1/lmr/m/n/12 Evaluate per-for-mance un-der
 []


Underfull \hbox (badness 10000) in paragraph at lines 2285--2286
[]\T1/lmr/m/n/12 Study quality--availability
 []


Underfull \hbox (badness 10000) in paragraph at lines 2288--2288
[]\T1/lmr/m/n/12 Regeneration-budget
 []


Underfull \hbox (badness 2057) in paragraph at lines 2289--2290
[]\T1/lmr/m/n/12 Quantify re-gen-er-a-tion ben-e-fit
 []


Underfull \hbox (badness 3354) in paragraph at lines 2290--2290
[]\T1/lmr/m/n/12 Overlay-structure com-
 []


Underfull \hbox (badness 3536) in paragraph at lines 2291--2292
[]\T1/lmr/m/n/12 Compare Partial-Anchor and
 []


Underfull \hbox (badness 10000) in paragraph at lines 2297--2298
[]\T1/lmr/m/n/12 Test ro-bust-ness to metric-
 []


Underfull \hbox (badness 10000) in paragraph at lines 2333--2333
[]\T1/lmr/m/n/10.95 Reference gen-er-a-tion
 []


Underfull \hbox (badness 10000) in paragraph at lines 2336--2336
[]\T1/lmr/m/n/10.95 Effective at-ten-u-a-tion
 []


Underfull \hbox (badness 7704) in paragraph at lines 2339--2339
[]\T1/lmr/m/n/10.95 Initial el-e-men-tary fi-
 []


Underfull \hbox (badness 3417) in paragraph at lines 2351--2351
[]\T1/lmr/m/n/10.95 Memory ca-pac-ity per
 []


Underfull \hbox (badness 10000) in paragraph at lines 2357--2357
[]\T1/lmr/m/n/10.95 Maximum can-di-date
 []


Underfull \hbox (badness 10000) in paragraph at lines 2366--2366
[]\T1/lmr/m/n/10.95 Link-level fi-delity
 []


Underfull \hbox (badness 10000) in paragraph at lines 2369--2369
[]\T1/lmr/m/n/10.95 End-to-end fi-delity
 []

[160] [161] [162] [163]
LaTeX Font Info:    Trying to load font information for T1+lmtt on input line 2
541.

(C:\Users\ZhuanZ\AppData\Local\Programs\MiKTeX\tex/latex/lm\t1lmtt.fd
File: t1lmtt.fd 2015/05/01 v1.6.1 Font defs for Latin Modern
) [164]
[165] [166] [167] [168]
Overfull \hbox (1.78465pt too wide) in paragraph at lines 2761--2762
[]\T1/lmr/m/n/12 The ar-ti-fi-cial over-lay was con-fig-ured us-ing Partial-Anc
hor and Full-Anchor
 []


Overfull \hbox (5.18523pt too wide) in paragraph at lines 2763--2764
[]\T1/lmr/m/n/12 A traf-fic model was de-fined us-ing con-fig-urable request-ar
rival rates, source--
 []

[169]) (chapter6_results_discussion.tex [170]
Chapter 6.
[171

]
Overfull \hbox (6.38919pt too wide) in paragraph at lines 47--51
[]\T1/lmr/m/n/12 The cur-rent min-i-mum us-able fi-delity thresh-old is set to 
$\OT1/lmr/m/n/12 0\OML/lmm/m/it/12 :\OT1/lmr/m/n/12 70$\T1/lmr/m/n/12 . The tem
poral-
 []

[172]
Overfull \hbox (7.72585pt too wide) in paragraph at lines 104--112
 [][] 
 []

<baseline_comparison.png, id=2750, 462.528pt x 346.896pt>
File: baseline_comparison.png Graphic file (type png)
<use baseline_comparison.png>
Package pdftex.def Info: baseline_comparison.png  used on input line 115.
(pdftex.def)             Requested size: 312.00119pt x 234.01236pt.
<route_availability_by_slot.png, id=2752, 462.528pt x 346.896pt>
File: route_availability_by_slot.png Graphic file (type png)
<use route_availability_by_slot.png>
Package pdftex.def Info: route_availability_by_slot.png  used on input line 122
.
(pdftex.def)             Requested size: 319.80286pt x 239.86134pt.
<multi_seed_comparison_ci.png, id=2753, 462.528pt x 346.896pt>
File: multi_seed_comparison_ci.png Graphic file (type png)
<use multi_seed_comparison_ci.png>
Package pdftex.def Info: multi_seed_comparison_ci.png  used on input line 129.
(pdftex.def)             Requested size: 319.80286pt x 239.86134pt.
[173] [174 <./baseline_comparison.png> <./route_availability_by_slot.png>]
[175 <./multi_seed_comparison_ci.png>] [176]
Overfull \hbox (10.86862pt too wide) in paragraph at lines 211--213
[]\T1/lmr/m/n/12 These ex-ten-sions rep-re-sent the next stage of val-i-da-tion
 re-quired for strength-
 []

[177]
Overfull \hbox (3.03589pt too wide) in paragraph at lines 278--279
[]\T1/lmr/m/n/12 This matched-input pro-ce-dure en-sures that ob-served dif-fer
-ences are caused
 []

[178] [179]
Overfull \hbox (2.74643pt too wide) in paragraph at lines 330--335
\T1/lmr/m/n/12 rep-re-sents suc-cess-fully com-pleted re-quests, $\OML/lmm/m/it
/12 N[]$ \T1/lmr/m/n/12 rep-re-sents re-jected re-quests,
 []

[180] [181]
File: baseline_comparison.png Graphic file (type png)
<use baseline_comparison.png>
Package pdftex.def Info: baseline_comparison.png  used on input line 436.
(pdftex.def)             Requested size: 331.50238pt x 248.63747pt.
 [182]

LaTeX Warning: Reference `fig:network_size_success' on page 183 undefined on in
put line 517.

[183]

LaTeX Warning: Reference `fig:coherence_success' on page 184 undefined on input
 line 605.


LaTeX Warning: Reference `fig:coherence_fidelity' on page 184 undefined on inpu
t line 620.


LaTeX Warning: Reference `fig:coherence_regeneration' on page 184 undefined on 
input line 635.

[184]
Overfull \hbox (2.97128pt too wide) in paragraph at lines 662--664
\T1/lmr/m/n/12 This sec-tion eval-u-ates how the pro-posed temporal-state-aware
 rout-ing method
 []

[185]

LaTeX Warning: Reference `fig:traffic_success' on page 186 undefined on input l
ine 721.


LaTeX Warning: Reference `fig:traffic_delay' on page 186 undefined on input lin
e 736.


LaTeX Warning: Reference `fig:traffic_memory' on page 186 undefined on input li
ne 751.

[186]

LaTeX Warning: Reference `fig:fidelity_threshold_success' on page 187 undefined
 on input line 839.


LaTeX Warning: Reference `fig:fidelity_threshold_realized' on page 187 undefine
d on input line 854.


LaTeX Warning: Reference `fig:fidelity_threshold_regeneration' on page 187 unde
fined on input line 870.

[187]
Overfull \hbox (11.97905pt too wide) in paragraph at lines 915--918
\T1/lmr/m/n/12 artificial-overlay rules, traf-fic se-quences, coherence-time se
t-tings, fi-delity thresh-
 []


Overfull \hbox (10.67569pt too wide) in paragraph at lines 930--932
[]\T1/lmr/m/n/12 Table []6.8[] sum-ma-rizes the per-for-mance com-par-i-son un-
der dif-fer-ent quantum-
 []


LaTeX Warning: Reference `fig:memory_capacity_success' on page 188 undefined on
 input line 961.

[188] [189]

LaTeX Warning: Reference `fig:regen_budget_success' on page 190 undefined on in
put line 1056.


LaTeX Warning: Reference `fig:regen_budget_overhead' on page 190 undefined on i
nput line 1070.


LaTeX Warning: Reference `fig:regen_budget_delay' on page 190 undefined on inpu
t line 1084.

[190]

LaTeX Warning: Reference `fig:anchor_success_stretch' on page 191 undefined on 
input line 1154.


LaTeX Warning: Reference `fig:anchor_state_overhead' on page 191 undefined on i
nput line 1168.


LaTeX Warning: Reference `fig:anchor_regeneration' on page 191 undefined on inp
ut line 1182.

[191]
Overfull \hbox (0.16539pt too wide) in paragraph at lines 1233--1239
\T1/lmr/m/n/12 se-lec-tion un-der dy-namic con-di-tions, while re-gen-er-a-tion
 fur-ther en-hances long-
 []


Overfull \hbox (3.81989pt too wide) in paragraph at lines 1240--1244
[]\T1/lmr/m/n/12 The com-plete pro-posed method achieves bet-ter re-li-a-bil-it
y be-cause it jointly
 []

[192]
Overfull \hbox (2.21416pt too wide) in paragraph at lines 1278--1283
\T1/lmr/m/n/12 The com-pu-ta-tional per-for-mance of the pro-posed Temporal-Sta
te-Aware Rout-
 []

[193]
Overfull \hbox (2.84138pt too wide) in paragraph at lines 1304--1307
\T1/lmr/m/n/12 The ex-per-i-men-tal eval-u-a-tion demon-strates that the pro-po
sed Temporal-State-
 []


Overfull \hbox (1.86104pt too wide) in paragraph at lines 1327--1330
[]\T1/lmr/m/n/12 Overall, the re-sults val-i-date the ef-fec-tive-ness of com-b
in-ing tem-po-ral aware-
 []

[194]
Overfull \hbox (3.16757pt too wide) in paragraph at lines 1354--1356
\T1/lmr/m/n/12 This chap-ter pre-sented the ex-per-i-men-tal eval-u-a-tion of t
he pro-posed Temporal-
 []

) (main.bbl [195] [196

]) [197] (main.aux)
 ***********
LaTeX2e <2025-11-01>
L3 programming layer <2025-12-24>
 ***********


LaTeX Warning: There were undefined references.


LaTeX Warning: Label(s) may have changed. Rerun to get cross-references right.

Package rerunfilecheck Info: File `main.out' has not changed.
(rerunfilecheck)             Checksum: 8B82A429D4C9BCB81DFE76453C1C7C18;43906.
 ) 
Here is how much of TeX's memory you used:
 23863 strings out of 467870
 438512 string characters out of 5417871
 807780 words of memory out of 5000000
 51063 multiletter control sequences out of 15000+600000
 722756 words of font info for 105 fonts, out of 8000000 for 9000
 1141 hyphenation exceptions out of 8191
 84i,13n,104p,639b,766s stack positions out of 10000i,1000n,20000p,200000b,200000s
<C:/Users/ZhuanZ/AppData/Local/Programs/MiKTeX/fonts/type1/public/lm/lmbx10.p
fb><C:/Users/ZhuanZ/AppData/Local/Programs/MiKTeX/fonts/type1/public/lm/lmbx12.
pfb><C:/Users/ZhuanZ/AppData/Local/Programs/MiKTeX/fonts/type1/public/lm/lmbx8.
pfb><C:/Users/ZhuanZ/AppData/Local/Programs/MiKTeX/fonts/type1/public/lm/lmex10
.pfb><C:/Users/ZhuanZ/AppData/Local/Programs/MiKTeX/fonts/type1/public/lm/lmmi1
0.pfb><C:/Users/ZhuanZ/AppData/Local/Programs/MiKTeX/fonts/type1/public/lm/lmmi
12.pfb><C:/Users/ZhuanZ/AppData/Local/Programs/MiKTeX/fonts/type1/public/lm/lmm
i6.pfb><C:/Users/ZhuanZ/AppData/Local/Programs/MiKTeX/fonts/type1/public/lm/lmm
i8.pfb><C:/Users/ZhuanZ/AppData/Local/Programs/MiKTeX/fonts/type1/public/lm/lmr
10.pfb><C:/Users/ZhuanZ/AppData/Local/Programs/MiKTeX/fonts/type1/public/lm/lmr
12.pfb><C:/Users/ZhuanZ/AppData/Local/Programs/MiKTeX/fonts/type1/public/lm/lmr
17.pfb><C:/Users/ZhuanZ/AppData/Local/Programs/MiKTeX/fonts/type1/public/lm/lmr
6.pfb><C:/Users/ZhuanZ/AppData/Local/Programs/MiKTeX/fonts/type1/public/lm/lmr8
.pfb><C:/Users/ZhuanZ/AppData/Local/Programs/MiKTeX/fonts/type1/public/lm/lmri1
2.pfb><C:/Users/ZhuanZ/AppData/Local/Programs/MiKTeX/fonts/type1/public/lm/lmsy
10.pfb><C:/Users/ZhuanZ/AppData/Local/Programs/MiKTeX/fonts/type1/public/lm/lms
y6.pfb><C:/Users/ZhuanZ/AppData/Local/Programs/MiKTeX/fonts/type1/public/lm/lms
y8.pfb><C:/Users/ZhuanZ/AppData/Local/Programs/MiKTeX/fonts/type1/public/lm/lmt
t12.pfb><C:/Users/ZhuanZ/AppData/Local/Programs/MiKTeX/fonts/type1/public/amsfo
nts/symbols/msbm10.pfb>
Output written on main.pdf (198 pages, 2836871 bytes).
PDF statistics:
 3252 PDF objects out of 3580 (max. 8388607)
 1255 named destinations out of 1440 (max. 500000)
 1737 words of extra memory for PDF output out of 10000 (max. 10000000)

