\BOOKMARK [0][-]{chapter.1}{\376\377\000I\000n\000t\000r\000o\000d\000u\000c\000t\000i\000o\000n}{}% 1
\BOOKMARK [1][-]{section.1.1}{\376\377\000R\000e\000s\000e\000a\000r\000c\000h\000\040\000B\000a\000c\000k\000g\000r\000o\000u\000n\000d}{chapter.1}% 2
\BOOKMARK [1][-]{section.1.2}{\376\377\000R\000e\000s\000e\000a\000r\000c\000h\000\040\000M\000o\000t\000i\000v\000a\000t\000i\000o\000n\000\040\000a\000n\000d\000\040\000S\000i\000g\000n\000i\000f\000i\000c\000a\000n\000c\000e}{chapter.1}% 3
\BOOKMARK [1][-]{section.1.3}{\376\377\000P\000r\000o\000b\000l\000e\000m\000\040\000S\000t\000a\000t\000e\000m\000e\000n\000t}{chapter.1}% 4
\BOOKMARK [1][-]{section.1.4}{\376\377\000R\000e\000s\000e\000a\000r\000c\000h\000\040\000O\000b\000j\000e\000c\000t\000i\000v\000e\000s}{chapter.1}% 5
\BOOKMARK [1][-]{section.1.5}{\376\377\000R\000e\000s\000e\000a\000r\000c\000h\000\040\000Q\000u\000e\000s\000t\000i\000o\000n\000s}{chapter.1}% 6
\BOOKMARK [1][-]{section.1.6}{\376\377\000R\000e\000s\000e\000a\000r\000c\000h\000\040\000C\000o\000n\000t\000r\000i\000b\000u\000t\000i\000o\000n\000s}{chapter.1}% 7
\BOOKMARK [1][-]{section.1.7}{\376\377\000T\000h\000e\000s\000i\000s\000\040\000O\000r\000g\000a\000n\000i\000z\000a\000t\000i\000o\000n}{chapter.1}% 8
\BOOKMARK [0][-]{chapter.2}{\376\377\000L\000i\000t\000e\000r\000a\000t\000u\000r\000e\000\040\000R\000e\000v\000i\000e\000w}{}% 9
\BOOKMARK [1][-]{section.2.1}{\376\377\000I\000n\000t\000r\000o\000d\000u\000c\000t\000i\000o\000n}{chapter.2}% 10
\BOOKMARK [1][-]{section.2.2}{\376\377\000F\000u\000n\000d\000a\000m\000e\000n\000t\000a\000l\000s\000\040\000o\000f\000\040\000Q\000u\000a\000n\000t\000u\000m\000\040\000N\000e\000t\000w\000o\000r\000k\000s}{chapter.2}% 11
\BOOKMARK [1][-]{section.2.3}{\376\377\000E\000n\000t\000a\000n\000g\000l\000e\000m\000e\000n\000t\000\040\000D\000i\000s\000t\000r\000i\000b\000u\000t\000i\000o\000n\000\040\000i\000n\000\040\000Q\000u\000a\000n\000t\000u\000m\000\040\000R\000e\000p\000e\000a\000t\000e\000r\000\040\000N\000e\000t\000w\000o\000r\000k\000s}{chapter.2}% 12
\BOOKMARK [1][-]{section.2.4}{\376\377\000Q\000u\000a\000n\000t\000u\000m\000\040\000N\000e\000t\000w\000o\000r\000k\000\040\000R\000o\000u\000t\000i\000n\000g}{chapter.2}% 13
\BOOKMARK [1][-]{section.2.5}{\376\377\000N\000o\000i\000s\000e\000,\000\040\000D\000e\000c\000o\000h\000e\000r\000e\000n\000c\000e\000,\000\040\000a\000n\000d\000\040\000F\000i\000d\000e\000l\000i\000t\000y\000\040\000D\000e\000g\000r\000a\000d\000a\000t\000i\000o\000n}{chapter.2}% 14
\BOOKMARK [1][-]{section.2.6}{\376\377\000T\000e\000m\000p\000o\000r\000a\000l\000\040\000S\000t\000a\000t\000e\000\040\000o\000f\000\040\000E\000n\000t\000a\000n\000g\000l\000e\000m\000e\000n\000t}{chapter.2}% 15
\BOOKMARK [1][-]{section.2.7}{\376\377\000A\000g\000e\000-\000A\000w\000a\000r\000e\000\040\000S\000c\000h\000e\000d\000u\000l\000i\000n\000g\000\040\000a\000n\000d\000\040\000C\000o\000n\000t\000r\000o\000l}{chapter.2}% 16
\BOOKMARK [1][-]{section.2.8}{\376\377\000Q\000u\000a\000n\000t\000u\000m\000-\000N\000a\000t\000i\000v\000e\000\040\000A\000d\000d\000r\000e\000s\000s\000i\000n\000g\000\040\000a\000n\000d\000\040\000E\000n\000t\000a\000n\000g\000l\000e\000m\000e\000n\000t\000\040\000O\000v\000e\000r\000l\000a\000y\000\040\000N\000e\000t\000w\000o\000r\000k\000s}{chapter.2}% 17
\BOOKMARK [1][-]{section.2.9}{\376\377\000C\000o\000m\000p\000a\000c\000t\000\040\000Q\000u\000a\000n\000t\000u\000m\000\040\000R\000o\000u\000t\000i\000n\000g}{chapter.2}% 18
\BOOKMARK [2][-]{subsection.2.9.1}{\376\377\000P\000a\000r\000t\000i\000a\000l\000-\000A\000n\000c\000h\000o\000r\000\040\000S\000c\000h\000e\000m\000e}{section.2.9}% 19
\BOOKMARK [2][-]{subsection.2.9.2}{\376\377\000F\000u\000l\000l\000-\000A\000n\000c\000h\000o\000r\000\040\000S\000c\000h\000e\000m\000e}{section.2.9}% 20
\BOOKMARK [1][-]{section.2.10}{\376\377\000C\000o\000m\000p\000a\000r\000a\000t\000i\000v\000e\000\040\000A\000n\000a\000l\000y\000s\000i\000s\000\040\000o\000f\000\040\000C\000l\000o\000s\000e\000s\000t\000\040\000P\000r\000i\000o\000r\000\040\000W\000o\000r\000k}{chapter.2}% 21
\BOOKMARK [1][-]{section.2.11}{\376\377\000L\000i\000m\000i\000t\000a\000t\000i\000o\000n\000s\000\040\000o\000f\000\040\000E\000x\000i\000s\000t\000i\000n\000g\000\040\000L\000i\000t\000e\000r\000a\000t\000u\000r\000e}{chapter.2}% 22
\BOOKMARK [2][-]{subsection.2.11.1}{\376\377\000A\000b\000s\000e\000n\000c\000e\000\040\000o\000f\000\040\000E\000x\000p\000l\000i\000c\000i\000t\000\040\000T\000e\000m\000p\000o\000r\000a\000l\000\040\000S\000t\000a\000t\000e\000\040\000i\000n\000\040\000C\000o\000m\000p\000a\000c\000t\000\040\000R\000o\000u\000t\000i\000n\000g\000\040\000T\000a\000b\000l\000e\000s}{section.2.11}% 23
\BOOKMARK [2][-]{subsection.2.11.2}{\376\377\000S\000t\000a\000t\000i\000c\000\040\000E\000n\000t\000a\000n\000g\000l\000i\000n\000g\000-\000S\000t\000r\000e\000t\000c\000h\000\040\000G\000u\000a\000r\000a\000n\000t\000e\000e\000s}{section.2.11}% 24
\BOOKMARK [2][-]{subsection.2.11.3}{\376\377\000L\000i\000m\000i\000t\000e\000d\000\040\000A\000r\000c\000h\000i\000t\000e\000c\000t\000u\000r\000a\000l\000\040\000S\000c\000o\000p\000e\000\040\000o\000f\000\040\000A\000g\000e\000-\000A\000w\000a\000r\000e\000\040\000S\000t\000u\000d\000i\000e\000s}{section.2.11}% 25
\BOOKMARK [2][-]{subsection.2.11.4}{\376\377\000R\000e\000g\000e\000n\000e\000r\000a\000t\000i\000o\000n\000\040\000W\000i\000t\000h\000o\000u\000t\000\040\000C\000o\000m\000p\000a\000c\000t\000-\000O\000v\000e\000r\000l\000a\000y\000-\000A\000w\000a\000r\000e\000\040\000P\000r\000i\000o\000r\000i\000t\000i\000z\000a\000t\000i\000o\000n}{section.2.11}% 26
\BOOKMARK [2][-]{subsection.2.11.5}{\376\377\000N\000o\000\040\000J\000o\000i\000n\000t\000\040\000A\000n\000a\000l\000y\000s\000i\000s\000\040\000o\000f\000\040\000T\000e\000m\000p\000o\000r\000a\000l\000\040\000a\000n\000d\000\040\000S\000c\000a\000l\000a\000b\000i\000l\000i\000t\000y\000\040\000T\000r\000a\000d\000e\000-\000o\000f\000f\000s}{section.2.11}% 27
\BOOKMARK [2][-]{subsection.2.11.6}{\376\377\000L\000a\000c\000k\000\040\000o\000f\000\040\000T\000e\000m\000p\000o\000r\000a\000l\000\040\000R\000o\000u\000t\000e\000-\000F\000e\000a\000s\000i\000b\000i\000l\000i\000t\000y\000\040\000A\000n\000a\000l\000y\000s\000i\000s}{section.2.11}% 28
\BOOKMARK [2][-]{subsection.2.11.7}{\376\377\000I\000n\000s\000u\000f\000f\000i\000c\000i\000e\000n\000t\000\040\000E\000v\000a\000l\000u\000a\000t\000i\000o\000n\000\040\000U\000n\000d\000e\000r\000\040\000H\000e\000t\000e\000r\000o\000g\000e\000n\000e\000o\000u\000s\000\040\000T\000e\000m\000p\000o\000r\000a\000l\000\040\000C\000o\000n\000d\000i\000t\000i\000o\000n\000s}{section.2.11}% 29
\BOOKMARK [1][-]{section.2.12}{\376\377\000I\000d\000e\000n\000t\000i\000f\000i\000e\000d\000\040\000R\000e\000s\000e\000a\000r\000c\000h\000\040\000G\000a\000p}{chapter.2}% 30
\BOOKMARK [1][-]{section.2.13}{\376\377\000P\000r\000o\000p\000o\000s\000e\000d\000\040\000R\000e\000s\000e\000a\000r\000c\000h\000\040\000D\000i\000r\000e\000c\000t\000i\000o\000n}{chapter.2}% 31
\BOOKMARK [0][-]{chapter.3}{\376\377\000S\000y\000s\000t\000e\000m\000\040\000M\000o\000d\000e\000l\000\040\000a\000n\000d\000\040\000P\000r\000o\000b\000l\000e\000m\000\040\000F\000o\000r\000m\000u\000l\000a\000t\000i\000o\000n}{}% 32
\BOOKMARK [1][-]{section.3.1}{\376\377\000I\000n\000t\000r\000o\000d\000u\000c\000t\000i\000o\000n}{chapter.3}% 33
\BOOKMARK [1][-]{section.3.2}{\376\377\000N\000e\000t\000w\000o\000r\000k\000\040\000A\000r\000c\000h\000i\000t\000e\000c\000t\000u\000r\000e}{chapter.3}% 34
\BOOKMARK [1][-]{section.3.3}{\376\377\000P\000h\000y\000s\000i\000c\000a\000l\000\040\000Q\000u\000a\000n\000t\000u\000m\000\040\000N\000e\000t\000w\000o\000r\000k\000\040\000M\000o\000d\000e\000l}{chapter.3}% 35
\BOOKMARK [1][-]{section.3.4}{\376\377\000A\000r\000t\000i\000f\000i\000c\000i\000a\000l\000\040\000E\000n\000t\000a\000n\000g\000l\000e\000m\000e\000n\000t\000\040\000O\000v\000e\000r\000l\000a\000y\000\040\000M\000o\000d\000e\000l}{chapter.3}% 36
\BOOKMARK [2][-]{subsection.3.4.1}{\376\377\000P\000a\000r\000t\000i\000a\000l\000-\000A\000n\000c\000h\000o\000r\000\040\000O\000v\000e\000r\000l\000a\000y}{section.3.4}% 37
\BOOKMARK [2][-]{subsection.3.4.2}{\376\377\000F\000u\000l\000l\000-\000A\000n\000c\000h\000o\000r\000\040\000O\000v\000e\000r\000l\000a\000y}{section.3.4}% 38
\BOOKMARK [1][-]{section.3.5}{\376\377\000T\000e\000m\000p\000o\000r\000a\000l\000\040\000S\000t\000a\000t\000e\000\040\000o\000f\000\040\000A\000r\000t\000i\000f\000i\000c\000i\000a\000l\000\040\000E\000-\000L\000i\000n\000k\000s}{chapter.3}% 39
\BOOKMARK [1][-]{section.3.6}{\376\377\000F\000i\000d\000e\000l\000i\000t\000y\000\040\000a\000n\000d\000\040\000D\000e\000c\000o\000h\000e\000r\000e\000n\000c\000e\000\040\000M\000o\000d\000e\000l}{chapter.3}% 40
\BOOKMARK [1][-]{section.3.7}{\376\377\000R\000e\000m\000a\000i\000n\000i\000n\000g\000\040\000C\000o\000h\000e\000r\000e\000n\000c\000e\000-\000B\000u\000d\000g\000e\000t\000\040\000M\000o\000d\000e\000l}{chapter.3}% 41
\BOOKMARK [1][-]{section.3.8}{\376\377\000T\000e\000m\000p\000o\000r\000a\000l\000\040\000R\000o\000u\000t\000e\000-\000F\000e\000a\000s\000i\000b\000i\000l\000i\000t\000y\000\040\000C\000o\000n\000d\000i\000t\000i\000o\000n}{chapter.3}% 42
\BOOKMARK [1][-]{section.3.9}{\376\377\000T\000i\000m\000e\000-\000D\000e\000p\000e\000n\000d\000e\000n\000t\000\040\000E\000n\000t\000a\000n\000g\000l\000i\000n\000g\000-\000C\000o\000s\000t\000\040\000M\000e\000t\000r\000i\000c}{chapter.3}% 43
\BOOKMARK [1][-]{section.3.10}{\376\377\000T\000e\000m\000p\000o\000r\000a\000l\000\040\000E\000n\000t\000a\000n\000g\000l\000i\000n\000g\000\040\000S\000t\000r\000e\000t\000c\000h}{chapter.3}% 44
\BOOKMARK [1][-]{section.3.11}{\376\377\000P\000r\000o\000b\000l\000e\000m\000\040\000F\000o\000r\000m\000u\000l\000a\000t\000i\000o\000n}{chapter.3}% 45
\BOOKMARK [1][-]{section.3.12}{\376\377\000C\000h\000a\000p\000t\000e\000r\000\040\000S\000u\000m\000m\000a\000r\000y}{chapter.3}% 46
\BOOKMARK [0][-]{chapter.4}{\376\377\000P\000r\000o\000p\000o\000s\000e\000d\000\040\000T\000e\000m\000p\000o\000r\000a\000l\000-\000S\000t\000a\000t\000e\000-\000A\000w\000a\000r\000e\000\040\000C\000o\000m\000p\000a\000c\000t\000\040\000R\000o\000u\000t\000i\000n\000g\000\040\000M\000e\000t\000h\000o\000d}{}% 47
\BOOKMARK [1][-]{section.4.1}{\376\377\000I\000n\000t\000r\000o\000d\000u\000c\000t\000i\000o\000n}{chapter.4}% 48
\BOOKMARK [1][-]{section.4.2}{\376\377\000D\000e\000s\000i\000g\000n\000\040\000O\000b\000j\000e\000c\000t\000i\000v\000e\000s}{chapter.4}% 49
\BOOKMARK [2][-]{subsection.4.2.1}{\376\377\000T\000e\000m\000p\000o\000r\000a\000l\000\040\000R\000e\000l\000i\000a\000b\000i\000l\000i\000t\000y}{section.4.2}% 50
\BOOKMARK [2][-]{subsection.4.2.2}{\376\377\000F\000i\000d\000e\000l\000i\000t\000y\000\040\000P\000r\000e\000s\000e\000r\000v\000a\000t\000i\000o\000n}{section.4.2}% 51
\BOOKMARK [2][-]{subsection.4.2.3}{\376\377\000C\000o\000m\000p\000a\000c\000t\000\040\000R\000o\000u\000t\000i\000n\000g\000-\000S\000t\000a\000t\000e\000\040\000P\000r\000e\000s\000e\000r\000v\000a\000t\000i\000o\000n}{section.4.2}% 52
\BOOKMARK [2][-]{subsection.4.2.4}{\376\377\000L\000o\000w\000\040\000R\000o\000u\000t\000e\000-\000S\000e\000l\000e\000c\000t\000i\000o\000n\000\040\000C\000o\000s\000t}{section.4.2}% 53
\BOOKMARK [2][-]{subsection.4.2.5}{\376\377\000C\000o\000n\000t\000r\000o\000l\000l\000e\000d\000\040\000R\000e\000g\000e\000n\000e\000r\000a\000t\000i\000o\000n\000\040\000O\000v\000e\000r\000h\000e\000a\000d}{section.4.2}% 54
\BOOKMARK [2][-]{subsection.4.2.6}{\376\377\000R\000e\000d\000u\000c\000e\000d\000\040\000R\000e\000q\000u\000e\000s\000t\000\040\000R\000e\000j\000e\000c\000t\000i\000o\000n}{section.4.2}% 55
\BOOKMARK [2][-]{subsection.4.2.7}{\376\377\000R\000o\000b\000u\000s\000t\000n\000e\000s\000s\000\040\000t\000o\000\040\000D\000y\000n\000a\000m\000i\000c\000\040\000E\000-\000L\000i\000n\000k\000\040\000C\000o\000n\000d\000i\000t\000i\000o\000n\000s}{section.4.2}% 56
\BOOKMARK [2][-]{subsection.4.2.8}{\376\377\000S\000c\000a\000l\000a\000b\000l\000e\000\040\000D\000e\000c\000i\000s\000i\000o\000n\000\040\000M\000a\000k\000i\000n\000g}{section.4.2}% 57
\BOOKMARK [1][-]{section.4.3}{\376\377\000O\000v\000e\000r\000v\000i\000e\000w\000\040\000o\000f\000\040\000t\000h\000e\000\040\000P\000r\000o\000p\000o\000s\000e\000d\000\040\000F\000r\000a\000m\000e\000w\000o\000r\000k}{chapter.4}% 58
\BOOKMARK [2][-]{subsection.4.3.1}{\376\377\000T\000e\000m\000p\000o\000r\000a\000l\000-\000S\000t\000a\000t\000e\000\040\000M\000o\000n\000i\000t\000o\000r\000i\000n\000g\000\040\000M\000o\000d\000u\000l\000e}{section.4.3}% 59
\BOOKMARK [2][-]{subsection.4.3.2}{\376\377\000C\000o\000m\000p\000a\000c\000t\000\040\000C\000a\000n\000d\000i\000d\000a\000t\000e\000-\000C\000o\000n\000s\000t\000r\000u\000c\000t\000i\000o\000n\000\040\000M\000o\000d\000u\000l\000e}{section.4.3}% 60
\BOOKMARK [2][-]{subsection.4.3.3}{\376\377\000T\000e\000m\000p\000o\000r\000a\000l\000-\000F\000e\000a\000s\000i\000b\000i\000l\000i\000t\000y\000\040\000M\000o\000d\000u\000l\000e}{section.4.3}% 61
\BOOKMARK [2][-]{subsection.4.3.4}{\376\377\000T\000i\000m\000e\000-\000D\000e\000p\000e\000n\000d\000e\000n\000t\000\040\000R\000o\000u\000t\000e\000-\000S\000e\000l\000e\000c\000t\000i\000o\000n\000\040\000M\000o\000d\000u\000l\000e}{section.4.3}% 62
\BOOKMARK [2][-]{subsection.4.3.5}{\376\377\000R\000o\000u\000t\000e\000-\000R\000e\000p\000a\000i\000r\000\040\000M\000o\000d\000u\000l\000e}{section.4.3}% 63
\BOOKMARK [2][-]{subsection.4.3.6}{\376\377\000O\000v\000e\000r\000l\000a\000y\000-\000M\000a\000i\000n\000t\000e\000n\000a\000n\000c\000e\000\040\000M\000o\000d\000u\000l\000e}{section.4.3}% 64
\BOOKMARK [1][-]{section.4.4}{\376\377\000T\000e\000m\000p\000o\000r\000a\000l\000\040\000E\000-\000L\000i\000n\000k\000\040\000S\000t\000a\000t\000e\000\040\000M\000o\000n\000i\000t\000o\000r\000i\000n\000g}{chapter.4}% 65
\BOOKMARK [1][-]{section.4.5}{\376\377\000C\000a\000n\000d\000i\000d\000a\000t\000e\000\040\000R\000o\000u\000t\000e\000\040\000C\000o\000n\000s\000t\000r\000u\000c\000t\000i\000o\000n}{chapter.4}% 66
\BOOKMARK [2][-]{subsection.4.5.1}{\376\377\000C\000a\000n\000d\000i\000d\000a\000t\000e\000\040\000C\000o\000n\000s\000t\000r\000u\000c\000t\000i\000o\000n\000\040\000i\000n\000\040\000t\000h\000e\000\040\000P\000a\000r\000t\000i\000a\000l\000-\000A\000n\000c\000h\000o\000r\000\040\000S\000c\000h\000e\000m\000e}{section.4.5}% 67
\BOOKMARK [2][-]{subsection.4.5.2}{\376\377\000C\000a\000n\000d\000i\000d\000a\000t\000e\000\040\000C\000o\000n\000s\000t\000r\000u\000c\000t\000i\000o\000n\000\040\000i\000n\000\040\000t\000h\000e\000\040\000F\000u\000l\000l\000-\000A\000n\000c\000h\000o\000r\000\040\000S\000c\000h\000e\000m\000e}{section.4.5}% 68
\BOOKMARK [2][-]{subsection.4.5.3}{\376\377\000B\000o\000u\000n\000d\000e\000d\000\040\000C\000a\000n\000d\000i\000d\000a\000t\000e\000-\000S\000e\000t\000\040\000S\000i\000z\000e}{section.4.5}% 69
\BOOKMARK [1][-]{section.4.6}{\376\377\000T\000e\000m\000p\000o\000r\000a\000l\000\040\000F\000e\000a\000s\000i\000b\000i\000l\000i\000t\000y\000\040\000F\000i\000l\000t\000e\000r\000i\000n\000g}{chapter.4}% 70
\BOOKMARK [2][-]{subsection.4.6.1}{\376\377\000A\000v\000a\000i\000l\000a\000b\000i\000l\000i\000t\000y\000\040\000T\000e\000s\000t}{section.4.6}% 71
\BOOKMARK [2][-]{subsection.4.6.2}{\376\377\000P\000r\000e\000d\000i\000c\000t\000e\000d\000\040\000C\000o\000n\000s\000u\000m\000p\000t\000i\000o\000n\000-\000T\000i\000m\000e\000\040\000C\000a\000l\000c\000u\000l\000a\000t\000i\000o\000n}{section.4.6}% 72
\BOOKMARK [2][-]{subsection.4.6.3}{\376\377\000L\000i\000n\000k\000-\000L\000e\000v\000e\000l\000\040\000F\000i\000d\000e\000l\000i\000t\000y\000\040\000T\000e\000s\000t}{section.4.6}% 73
\BOOKMARK [2][-]{subsection.4.6.4}{\376\377\000C\000o\000h\000e\000r\000e\000n\000c\000e\000-\000B\000u\000d\000g\000e\000t\000\040\000T\000e\000s\000t}{section.4.6}% 74
\BOOKMARK [2][-]{subsection.4.6.5}{\376\377\000E\000n\000d\000-\000t\000o\000-\000E\000n\000d\000\040\000F\000i\000d\000e\000l\000i\000t\000y\000\040\000T\000e\000s\000t}{section.4.6}% 75
\BOOKMARK [2][-]{subsection.4.6.6}{\376\377\000R\000o\000u\000t\000e\000-\000D\000e\000l\000a\000y\000\040\000T\000e\000s\000t}{section.4.6}% 76
\BOOKMARK [2][-]{subsection.4.6.7}{\376\377\000M\000e\000m\000o\000r\000y\000\040\000a\000n\000d\000\040\000E\000-\000B\000i\000t\000\040\000A\000v\000a\000i\000l\000a\000b\000i\000l\000i\000t\000y\000\040\000T\000e\000s\000t}{section.4.6}% 77
\BOOKMARK [2][-]{subsection.4.6.8}{\376\377\000O\000v\000e\000r\000a\000l\000l\000\040\000T\000e\000m\000p\000o\000r\000a\000l\000-\000F\000e\000a\000s\000i\000b\000i\000l\000i\000t\000y\000\040\000D\000e\000c\000i\000s\000i\000o\000n}{section.4.6}% 78
\BOOKMARK [1][-]{section.4.7}{\376\377\000T\000i\000m\000e\000-\000D\000e\000p\000e\000n\000d\000e\000n\000t\000\040\000R\000o\000u\000t\000e\000\040\000S\000e\000l\000e\000c\000t\000i\000o\000n}{chapter.4}% 79
\BOOKMARK [1][-]{section.4.8}{\376\377\000P\000r\000o\000a\000c\000t\000i\000v\000e\000\040\000E\000-\000L\000i\000n\000k\000\040\000R\000e\000g\000e\000n\000e\000r\000a\000t\000i\000o\000n}{chapter.4}% 80
\BOOKMARK [1][-]{section.4.9}{\376\377\000O\000v\000e\000r\000l\000a\000y\000\040\000M\000a\000i\000n\000t\000e\000n\000a\000n\000c\000e\000\040\000S\000t\000r\000a\000t\000e\000g\000y}{chapter.4}% 81
\BOOKMARK [2][-]{subsection.4.9.1}{\376\377\000R\000e\000t\000e\000n\000t\000i\000o\000n\000\040\000D\000e\000c\000i\000s\000i\000o\000n}{section.4.9}% 82
\BOOKMARK [2][-]{subsection.4.9.2}{\376\377\000R\000e\000g\000e\000n\000e\000r\000a\000t\000i\000o\000n\000\040\000D\000e\000c\000i\000s\000i\000o\000n}{section.4.9}% 83
\BOOKMARK [2][-]{subsection.4.9.3}{\376\377\000R\000e\000p\000l\000a\000c\000e\000m\000e\000n\000t\000\040\000D\000e\000c\000i\000s\000i\000o\000n}{section.4.9}% 84
\BOOKMARK [2][-]{subsection.4.9.4}{\376\377\000D\000i\000s\000c\000a\000r\000d\000\040\000D\000e\000c\000i\000s\000i\000o\000n}{section.4.9}% 85
\BOOKMARK [2][-]{subsection.4.9.5}{\376\377\000C\000o\000m\000p\000a\000c\000t\000-\000O\000v\000e\000r\000l\000a\000y\000\040\000C\000o\000n\000s\000t\000r\000a\000i\000n\000t\000s}{section.4.9}% 86
\BOOKMARK [2][-]{subsection.4.9.6}{\376\377\000M\000e\000m\000o\000r\000y\000-\000A\000w\000a\000r\000e\000\040\000M\000a\000i\000n\000t\000e\000n\000a\000n\000c\000e}{section.4.9}% 87
\BOOKMARK [2][-]{subsection.4.9.7}{\376\377\000M\000a\000i\000n\000t\000e\000n\000a\000n\000c\000e\000\040\000T\000r\000i\000g\000g\000e\000r\000i\000n\000g}{section.4.9}% 88
\BOOKMARK [2][-]{subsection.4.9.8}{\376\377\000O\000v\000e\000r\000l\000a\000y\000-\000S\000t\000a\000t\000e\000\040\000U\000p\000d\000a\000t\000e}{section.4.9}% 89
\BOOKMARK [1][-]{section.4.10}{\376\377\000P\000r\000o\000p\000o\000s\000e\000d\000\040\000R\000o\000u\000t\000i\000n\000g\000\040\000A\000l\000g\000o\000r\000i\000t\000h\000m}{chapter.4}% 90
\BOOKMARK [2][-]{subsection.4.10.1}{\376\377\000A\000l\000g\000o\000r\000i\000t\000h\000m\000i\000c\000\040\000P\000r\000o\000c\000e\000d\000u\000r\000e}{section.4.10}% 91
\BOOKMARK [2][-]{subsection.4.10.2}{\376\377\000R\000o\000u\000t\000i\000n\000g\000-\000D\000e\000c\000i\000s\000i\000o\000n\000\040\000L\000o\000g\000i\000c}{section.4.10}% 92
\BOOKMARK [2][-]{subsection.4.10.3}{\376\377\000A\000l\000g\000o\000r\000i\000t\000h\000m\000\040\000C\000h\000a\000r\000a\000c\000t\000e\000r\000i\000s\000t\000i\000c\000s}{section.4.10}% 93
\BOOKMARK [1][-]{section.4.11}{\376\377\000C\000o\000m\000p\000u\000t\000a\000t\000i\000o\000n\000a\000l\000\040\000C\000o\000m\000p\000l\000e\000x\000i\000t\000y\000\040\000A\000n\000a\000l\000y\000s\000i\000s}{chapter.4}% 94
\BOOKMARK [2][-]{subsection.4.11.1}{\376\377\000T\000e\000m\000p\000o\000r\000a\000l\000-\000S\000t\000a\000t\000e\000\040\000M\000o\000n\000i\000t\000o\000r\000i\000n\000g\000\040\000C\000o\000m\000p\000l\000e\000x\000i\000t\000y}{section.4.11}% 95
\BOOKMARK [2][-]{subsection.4.11.2}{\376\377\000C\000a\000n\000d\000i\000d\000a\000t\000e\000-\000R\000o\000u\000t\000e\000\040\000C\000o\000n\000s\000t\000r\000u\000c\000t\000i\000o\000n\000\040\000C\000o\000m\000p\000l\000e\000x\000i\000t\000y}{section.4.11}% 96
\BOOKMARK [2][-]{subsection.4.11.3}{\376\377\000T\000e\000m\000p\000o\000r\000a\000l\000-\000F\000e\000a\000s\000i\000b\000i\000l\000i\000t\000y\000\040\000F\000i\000l\000t\000e\000r\000i\000n\000g\000\040\000C\000o\000m\000p\000l\000e\000x\000i\000t\000y}{section.4.11}% 97
\BOOKMARK [2][-]{subsection.4.11.4}{\376\377\000T\000i\000m\000e\000-\000D\000e\000p\000e\000n\000d\000e\000n\000t\000\040\000R\000o\000u\000t\000e\000-\000S\000e\000l\000e\000c\000t\000i\000o\000n\000\040\000C\000o\000m\000p\000l\000e\000x\000i\000t\000y}{section.4.11}% 98
\BOOKMARK [2][-]{subsection.4.11.5}{\376\377\000R\000o\000u\000t\000e\000-\000R\000e\000p\000a\000i\000r\000\040\000C\000o\000m\000p\000l\000e\000x\000i\000t\000y}{section.4.11}% 99
\BOOKMARK [2][-]{subsection.4.11.6}{\376\377\000R\000e\000g\000e\000n\000e\000r\000a\000t\000i\000o\000n\000-\000P\000r\000i\000o\000r\000i\000t\000y\000\040\000C\000o\000m\000p\000l\000e\000x\000i\000t\000y}{section.4.11}% 100
\BOOKMARK [2][-]{subsection.4.11.7}{\376\377\000O\000v\000e\000r\000l\000a\000y\000-\000M\000a\000i\000n\000t\000e\000n\000a\000n\000c\000e\000\040\000C\000o\000m\000p\000l\000e\000x\000i\000t\000y}{section.4.11}% 101
\BOOKMARK [2][-]{subsection.4.11.8}{\376\377\000T\000o\000t\000a\000l\000\040\000P\000e\000r\000-\000S\000l\000o\000t\000\040\000C\000o\000m\000p\000l\000e\000x\000i\000t\000y}{section.4.11}% 102
\BOOKMARK [2][-]{subsection.4.11.9}{\376\377\000S\000p\000a\000c\000e\000\040\000C\000o\000m\000p\000l\000e\000x\000i\000t\000y}{section.4.11}% 103
\BOOKMARK [1][-]{section.4.12}{\376\377\000C\000h\000a\000p\000t\000e\000r\000\040\000S\000u\000m\000m\000a\000r\000y}{chapter.4}% 104
\BOOKMARK [0][-]{chapter.5}{\376\377\000S\000i\000m\000u\000l\000a\000t\000i\000o\000n\000\040\000M\000e\000t\000h\000o\000d\000o\000l\000o\000g\000y\000\040\000a\000n\000d\000\040\000E\000x\000p\000e\000r\000i\000m\000e\000n\000t\000a\000l\000\040\000S\000e\000t\000u\000p}{}% 105
\BOOKMARK [1][-]{section.5.1}{\376\377\000I\000n\000t\000r\000o\000d\000u\000c\000t\000i\000o\000n}{chapter.5}% 106
\BOOKMARK [1][-]{section.5.2}{\376\377\000S\000i\000m\000u\000l\000a\000t\000i\000o\000n\000\040\000E\000n\000v\000i\000r\000o\000n\000m\000e\000n\000t}{chapter.5}% 107
\BOOKMARK [1][-]{section.5.3}{\376\377\000N\000e\000t\000w\000o\000r\000k\000\040\000T\000o\000p\000o\000l\000o\000g\000y\000\040\000G\000e\000n\000e\000r\000a\000t\000i\000o\000n}{chapter.5}% 108
\BOOKMARK [2][-]{subsection.5.3.1}{\376\377\000R\000a\000n\000d\000o\000m\000\040\000C\000o\000n\000n\000e\000c\000t\000e\000d\000\040\000T\000o\000p\000o\000l\000o\000g\000y}{section.5.3}% 109
\BOOKMARK [2][-]{subsection.5.3.2}{\376\377\000G\000r\000i\000d\000\040\000T\000o\000p\000o\000l\000o\000g\000y}{section.5.3}% 110
\BOOKMARK [2][-]{subsection.5.3.3}{\376\377\000S\000m\000a\000l\000l\000-\000W\000o\000r\000l\000d\000\040\000T\000o\000p\000o\000l\000o\000g\000y}{section.5.3}% 111
\BOOKMARK [2][-]{subsection.5.3.4}{\376\377\000N\000e\000t\000w\000o\000r\000k\000\040\000S\000i\000z\000e\000s}{section.5.3}% 112
\BOOKMARK [1][-]{section.5.4}{\376\377\000P\000h\000y\000s\000i\000c\000a\000l\000\040\000a\000n\000d\000\040\000Q\000u\000a\000n\000t\000u\000m\000-\000L\000i\000n\000k\000\040\000P\000a\000r\000a\000m\000e\000t\000e\000r\000s}{chapter.5}% 113
\BOOKMARK [1][-]{section.5.5}{\376\377\000A\000r\000t\000i\000f\000i\000c\000i\000a\000l\000\040\000O\000v\000e\000r\000l\000a\000y\000\040\000C\000o\000n\000f\000i\000g\000u\000r\000a\000t\000i\000o\000n}{chapter.5}% 114
\BOOKMARK [2][-]{subsection.5.5.1}{\376\377\000P\000a\000r\000t\000i\000a\000l\000-\000A\000n\000c\000h\000o\000r\000\040\000O\000v\000e\000r\000l\000a\000y\000\040\000C\000o\000n\000f\000i\000g\000u\000r\000a\000t\000i\000o\000n}{section.5.5}% 115
\BOOKMARK [2][-]{subsection.5.5.2}{\376\377\000F\000u\000l\000l\000-\000A\000n\000c\000h\000o\000r\000\040\000O\000v\000e\000r\000l\000a\000y\000\040\000C\000o\000n\000f\000i\000g\000u\000r\000a\000t\000i\000o\000n}{section.5.5}% 116
\BOOKMARK [2][-]{subsection.5.5.3}{\376\377\000L\000o\000c\000a\000l\000\040\000E\000-\000N\000e\000i\000g\000h\000b\000o\000r\000\040\000C\000o\000n\000s\000t\000r\000u\000c\000t\000i\000o\000n}{section.5.5}% 117
\BOOKMARK [2][-]{subsection.5.5.4}{\376\377\000A\000r\000t\000i\000f\000i\000c\000i\000a\000l\000\040\000E\000-\000L\000i\000n\000k\000\040\000G\000e\000n\000e\000r\000a\000t\000i\000o\000n}{section.5.5}% 118
\BOOKMARK [2][-]{subsection.5.5.5}{\376\377\000I\000n\000i\000t\000i\000a\000l\000\040\000O\000v\000e\000r\000l\000a\000y\000\040\000D\000e\000n\000s\000i\000t\000y}{section.5.5}% 119
\BOOKMARK [2][-]{subsection.5.5.6}{\376\377\000M\000e\000m\000o\000r\000y\000\040\000A\000l\000l\000o\000c\000a\000t\000i\000o\000n}{section.5.5}% 120
\BOOKMARK [2][-]{subsection.5.5.7}{\376\377\000I\000n\000i\000t\000i\000a\000l\000\040\000E\000-\000L\000i\000n\000k\000\040\000A\000g\000e}{section.5.5}% 121
\BOOKMARK [2][-]{subsection.5.5.8}{\376\377\000O\000v\000e\000r\000l\000a\000y\000\040\000I\000n\000i\000t\000i\000a\000l\000i\000z\000a\000t\000i\000o\000n\000\040\000P\000r\000o\000c\000e\000d\000u\000r\000e}{section.5.5}% 122
\BOOKMARK [1][-]{section.5.6}{\376\377\000T\000r\000a\000f\000f\000i\000c\000\040\000a\000n\000d\000\040\000E\000n\000t\000a\000n\000g\000l\000e\000m\000e\000n\000t\000-\000R\000e\000q\000u\000e\000s\000t\000\040\000M\000o\000d\000e\000l}{chapter.5}% 123
\BOOKMARK [2][-]{subsection.5.6.1}{\376\377\000R\000e\000q\000u\000e\000s\000t\000-\000A\000r\000r\000i\000v\000a\000l\000\040\000P\000r\000o\000c\000e\000s\000s}{section.5.6}% 124
\BOOKMARK [2][-]{subsection.5.6.2}{\376\377\000S\000o\000u\000r\000c\000e\040\023\000D\000e\000s\000t\000i\000n\000a\000t\000i\000o\000n\000\040\000S\000e\000l\000e\000c\000t\000i\000o\000n}{section.5.6}% 125
\BOOKMARK [2][-]{subsection.5.6.3}{\376\377\000E\000n\000t\000a\000n\000g\000l\000e\000m\000e\000n\000t\000\040\000D\000e\000m\000a\000n\000d\000\040\000S\000i\000z\000e}{section.5.6}% 126
\BOOKMARK [2][-]{subsection.5.6.4}{\376\377\000F\000i\000d\000e\000l\000i\000t\000y\000\040\000R\000e\000q\000u\000i\000r\000e\000m\000e\000n\000t}{section.5.6}% 127
\BOOKMARK [2][-]{subsection.5.6.5}{\376\377\000R\000e\000q\000u\000e\000s\000t\000\040\000D\000e\000a\000d\000l\000i\000n\000e}{section.5.6}% 128
\BOOKMARK [2][-]{subsection.5.6.6}{\376\377\000S\000e\000r\000v\000i\000c\000e\000\040\000C\000l\000a\000s\000s\000e\000s}{section.5.6}% 129
\BOOKMARK [2][-]{subsection.5.6.7}{\376\377\000R\000e\000q\000u\000e\000s\000t\000\040\000Q\000u\000e\000u\000e}{section.5.6}% 130
\BOOKMARK [2][-]{subsection.5.6.8}{\376\377\000R\000e\000q\000u\000e\000s\000t\000\040\000O\000u\000t\000c\000o\000m\000e}{section.5.6}% 131
\BOOKMARK [1][-]{section.5.7}{\376\377\000B\000e\000n\000c\000h\000m\000a\000r\000k\000\040\000R\000o\000u\000t\000i\000n\000g\000\040\000M\000e\000t\000h\000o\000d\000s}{chapter.5}% 132
\BOOKMARK [2][-]{subsection.5.7.1}{\376\377\000S\000h\000o\000r\000t\000e\000s\000t\000-\000H\000o\000p\000\040\000R\000o\000u\000t\000i\000n\000g}{section.5.7}% 133
\BOOKMARK [2][-]{subsection.5.7.2}{\376\377\000S\000t\000a\000t\000i\000c\000\040\000E\000n\000t\000a\000n\000g\000l\000i\000n\000g\000-\000C\000o\000s\000t\000\040\000R\000o\000u\000t\000i\000n\000g}{section.5.7}% 134
\BOOKMARK [2][-]{subsection.5.7.3}{\376\377\000F\000i\000d\000e\000l\000i\000t\000y\000-\000O\000n\000l\000y\000\040\000R\000o\000u\000t\000i\000n\000g}{section.5.7}% 135
\BOOKMARK [2][-]{subsection.5.7.4}{\376\377\000A\000g\000e\000-\000O\000n\000l\000y\000\040\000R\000o\000u\000t\000i\000n\000g}{section.5.7}% 136
\BOOKMARK [2][-]{subsection.5.7.5}{\376\377\000C\000u\000r\000r\000e\000n\000t\000-\000F\000i\000d\000e\000l\000i\000t\000y\000-\000A\000w\000a\000r\000e\000\040\000R\000o\000u\000t\000i\000n\000g}{section.5.7}% 137
\BOOKMARK [2][-]{subsection.5.7.6}{\376\377\000R\000e\000a\000c\000t\000i\000v\000e\000-\000R\000e\000g\000e\000n\000e\000r\000a\000t\000i\000o\000n\000\040\000R\000o\000u\000t\000i\000n\000g}{section.5.7}% 138
\BOOKMARK [2][-]{subsection.5.7.7}{\376\377\000P\000r\000o\000p\000o\000s\000e\000d\000\040\000M\000e\000t\000h\000o\000d\000\040\000w\000i\000t\000h\000o\000u\000t\000\040\000R\000e\000g\000e\000n\000e\000r\000a\000t\000i\000o\000n}{section.5.7}% 139
\BOOKMARK [2][-]{subsection.5.7.8}{\376\377\000P\000r\000o\000p\000o\000s\000e\000d\000\040\000M\000e\000t\000h\000o\000d\000\040\000w\000i\000t\000h\000o\000u\000t\000\040\000C\000o\000h\000e\000r\000e\000n\000c\000e\000-\000B\000u\000d\000g\000e\000t\000\040\000F\000i\000l\000t\000e\000r\000i\000n\000g}{section.5.7}% 140
\BOOKMARK [2][-]{subsection.5.7.9}{\376\377\000P\000r\000o\000p\000o\000s\000e\000d\000\040\000M\000e\000t\000h\000o\000d\000\040\000w\000i\000t\000h\000o\000u\000t\000\040\000C\000o\000n\000s\000u\000m\000p\000t\000i\000o\000n\000-\000T\000i\000m\000e\000\040\000P\000r\000e\000d\000i\000c\000t\000i\000o\000n}{section.5.7}% 141
\BOOKMARK [1][-]{section.5.8}{\376\377\000E\000v\000a\000l\000u\000a\000t\000i\000o\000n\000\040\000M\000e\000t\000r\000i\000c\000s}{chapter.5}% 142
\BOOKMARK [2][-]{subsection.5.8.1}{\376\377\000R\000e\000q\000u\000e\000s\000t\000\040\000S\000u\000c\000c\000e\000s\000s\000\040\000R\000a\000t\000i\000o}{section.5.8}% 143
\BOOKMARK [2][-]{subsection.5.8.2}{\376\377\000R\000e\000q\000u\000e\000s\000t\000\040\000R\000e\000j\000e\000c\000t\000i\000o\000n\000\040\000R\000a\000t\000i\000o}{section.5.8}% 144
\BOOKMARK [2][-]{subsection.5.8.3}{\376\377\000T\000e\000m\000p\000o\000r\000a\000l\000\040\000D\000i\000s\000c\000o\000n\000n\000e\000c\000t\000i\000o\000n\000\040\000R\000a\000t\000i\000o}{section.5.8}% 145
\BOOKMARK [2][-]{subsection.5.8.4}{\376\377\000A\000v\000e\000r\000a\000g\000e\000\040\000E\000n\000d\000-\000t\000o\000-\000E\000n\000d\000\040\000F\000i\000d\000e\000l\000i\000t\000y}{section.5.8}% 146
\BOOKMARK [2][-]{subsection.5.8.5}{\376\377\000F\000i\000d\000e\000l\000i\000t\000y\000-\000V\000i\000o\000l\000a\000t\000i\000o\000n\000\040\000R\000a\000t\000i\000o}{section.5.8}% 147
\BOOKMARK [2][-]{subsection.5.8.6}{\376\377\000A\000v\000e\000r\000a\000g\000e\000\040\000C\000o\000m\000p\000l\000e\000t\000i\000o\000n\000\040\000D\000e\000l\000a\000y}{section.5.8}% 148
\BOOKMARK [2][-]{subsection.5.8.7}{\376\377\000D\000e\000a\000d\000l\000i\000n\000e\000-\000V\000i\000o\000l\000a\000t\000i\000o\000n\000\040\000R\000a\000t\000i\000o}{section.5.8}% 149
\BOOKMARK [2][-]{subsection.5.8.8}{\376\377\000A\000v\000e\000r\000a\000g\000e\000\040\000R\000o\000u\000t\000e\000\040\000L\000e\000n\000g\000t\000h}{section.5.8}% 150
\BOOKMARK [2][-]{subsection.5.8.9}{\376\377\000T\000e\000m\000p\000o\000r\000a\000l\000\040\000E\000n\000t\000a\000n\000g\000l\000i\000n\000g\000\040\000S\000t\000r\000e\000t\000c\000h}{section.5.8}% 151
\BOOKMARK [2][-]{subsection.5.8.10}{\376\377\000S\000t\000r\000e\000t\000c\000h\000-\000B\000o\000u\000n\000d\000\040\000V\000i\000o\000l\000a\000t\000i\000o\000n\000\040\000R\000a\000t\000i\000o}{section.5.8}% 152
\BOOKMARK [2][-]{subsection.5.8.11}{\376\377\000R\000e\000g\000e\000n\000e\000r\000a\000t\000i\000o\000n\000\040\000C\000o\000u\000n\000t}{section.5.8}% 153
\BOOKMARK [2][-]{subsection.5.8.12}{\376\377\000R\000e\000g\000e\000n\000e\000r\000a\000t\000i\000o\000n\000\040\000S\000u\000c\000c\000e\000s\000s\000\040\000R\000a\000t\000i\000o}{section.5.8}% 154
\BOOKMARK [2][-]{subsection.5.8.13}{\376\377\000R\000e\000g\000e\000n\000e\000r\000a\000t\000i\000o\000n\000\040\000O\000v\000e\000r\000h\000e\000a\000d}{section.5.8}% 155
\BOOKMARK [2][-]{subsection.5.8.14}{\376\377\000Q\000u\000a\000n\000t\000u\000m\000-\000M\000e\000m\000o\000r\000y\000\040\000U\000t\000i\000l\000i\000z\000a\000t\000i\000o\000n}{section.5.8}% 156
\BOOKMARK [2][-]{subsection.5.8.15}{\376\377\000A\000r\000t\000i\000f\000i\000c\000i\000a\000l\000\040\000E\000-\000L\000i\000n\000k\000\040\000U\000t\000i\000l\000i\000z\000a\000t\000i\000o\000n}{section.5.8}% 157
\BOOKMARK [2][-]{subsection.5.8.16}{\376\377\000S\000t\000a\000l\000e\000-\000L\000i\000n\000k\000\040\000S\000e\000l\000e\000c\000t\000i\000o\000n\000\040\000R\000a\000t\000i\000o}{section.5.8}% 158
\BOOKMARK [2][-]{subsection.5.8.17}{\376\377\000R\000o\000u\000t\000i\000n\000g\000\040\000C\000o\000m\000p\000u\000t\000a\000t\000i\000o\000n\000\040\000T\000i\000m\000e}{section.5.8}% 159
\BOOKMARK [2][-]{subsection.5.8.18}{\376\377\000R\000o\000u\000t\000i\000n\000g\000-\000T\000a\000b\000l\000e\000\040\000S\000i\000z\000e}{section.5.8}% 160
\BOOKMARK [1][-]{section.5.9}{\376\377\000E\000x\000p\000e\000r\000i\000m\000e\000n\000t\000a\000l\000\040\000S\000c\000e\000n\000a\000r\000i\000o\000s}{chapter.5}% 161
\BOOKMARK [2][-]{subsection.5.9.1}{\376\377\000S\000c\000e\000n\000a\000r\000i\000o\000\040\0001\000:\000\040\000B\000a\000s\000e\000l\000i\000n\000e\000\040\000R\000o\000u\000t\000i\000n\000g\000\040\000C\000o\000m\000p\000a\000r\000i\000s\000o\000n}{section.5.9}% 162
\BOOKMARK [2][-]{subsection.5.9.2}{\376\377\000S\000c\000e\000n\000a\000r\000i\000o\000\040\0002\000:\000\040\000N\000e\000t\000w\000o\000r\000k\000-\000S\000i\000z\000e\000\040\000S\000c\000a\000l\000a\000b\000i\000l\000i\000t\000y}{section.5.9}% 163
\BOOKMARK [2][-]{subsection.5.9.3}{\376\377\000S\000c\000e\000n\000a\000r\000i\000o\000\040\0003\000:\000\040\000C\000o\000h\000e\000r\000e\000n\000c\000e\000-\000T\000i\000m\000e\000\040\000V\000a\000r\000i\000a\000t\000i\000o\000n}{section.5.9}% 164
\BOOKMARK [2][-]{subsection.5.9.4}{\376\377\000S\000c\000e\000n\000a\000r\000i\000o\000\040\0004\000:\000\040\000T\000r\000a\000f\000f\000i\000c\000-\000L\000o\000a\000d\000\040\000V\000a\000r\000i\000a\000t\000i\000o\000n}{section.5.9}% 165
\BOOKMARK [2][-]{subsection.5.9.5}{\376\377\000S\000c\000e\000n\000a\000r\000i\000o\000\040\0005\000:\000\040\000F\000i\000d\000e\000l\000i\000t\000y\000-\000T\000h\000r\000e\000s\000h\000o\000l\000d\000\040\000V\000a\000r\000i\000a\000t\000i\000o\000n}{section.5.9}% 166
\BOOKMARK [2][-]{subsection.5.9.6}{\376\377\000S\000c\000e\000n\000a\000r\000i\000o\000\040\0006\000:\000\040\000Q\000u\000a\000n\000t\000u\000m\000-\000M\000e\000m\000o\000r\000y\000\040\000C\000a\000p\000a\000c\000i\000t\000y}{section.5.9}% 167
\BOOKMARK [2][-]{subsection.5.9.7}{\376\377\000S\000c\000e\000n\000a\000r\000i\000o\000\040\0007\000:\000\040\000R\000e\000g\000e\000n\000e\000r\000a\000t\000i\000o\000n\000-\000B\000u\000d\000g\000e\000t\000\040\000V\000a\000r\000i\000a\000t\000i\000o\000n}{section.5.9}% 168
\BOOKMARK [2][-]{subsection.5.9.8}{\376\377\000S\000c\000e\000n\000a\000r\000i\000o\000\040\0008\000:\000\040\000P\000a\000r\000t\000i\000a\000l\000-\000A\000n\000c\000h\000o\000r\000\040\000a\000n\000d\000\040\000F\000u\000l\000l\000-\000A\000n\000c\000h\000o\000r\000\040\000C\000o\000m\000p\000a\000r\000i\000s\000o\000n}{section.5.9}% 169
\BOOKMARK [2][-]{subsection.5.9.9}{\376\377\000S\000c\000e\000n\000a\000r\000i\000o\000\040\0009\000:\000\040\000H\000o\000t\000s\000p\000o\000t\000\040\000a\000n\000d\000\040\000N\000o\000n\000-\000U\000n\000i\000f\000o\000r\000m\000\040\000T\000r\000a\000f\000f\000i\000c}{section.5.9}% 170
\BOOKMARK [2][-]{subsection.5.9.10}{\376\377\000S\000c\000e\000n\000a\000r\000i\000o\000\040\0001\0000\000:\000\040\000A\000b\000l\000a\000t\000i\000o\000n\000\040\000A\000n\000a\000l\000y\000s\000i\000s}{section.5.9}% 171
\BOOKMARK [2][-]{subsection.5.9.11}{\376\377\000S\000c\000e\000n\000a\000r\000i\000o\000\040\0001\0001\000:\000\040\000W\000e\000i\000g\000h\000t\000\040\000S\000e\000n\000s\000i\000t\000i\000v\000i\000t\000y}{section.5.9}% 172
\BOOKMARK [2][-]{subsection.5.9.12}{\376\377\000S\000c\000e\000n\000a\000r\000i\000o\000\040\0001\0002\000:\000\040\000I\000n\000i\000t\000i\000a\000l\000-\000A\000g\000e\000\040\000D\000i\000s\000t\000r\000i\000b\000u\000t\000i\000o\000n}{section.5.9}% 173
\BOOKMARK [1][-]{section.5.10}{\376\377\000P\000a\000r\000a\000m\000e\000t\000e\000r\000\040\000S\000e\000t\000t\000i\000n\000g\000s}{chapter.5}% 174
\BOOKMARK [1][-]{section.5.11}{\376\377\000I\000m\000p\000l\000e\000m\000e\000n\000t\000a\000t\000i\000o\000n\000\040\000P\000r\000o\000c\000e\000d\000u\000r\000e}{chapter.5}% 175
\BOOKMARK [2][-]{subsection.5.11.1}{\376\377\000P\000r\000o\000j\000e\000c\000t\000\040\000O\000r\000g\000a\000n\000i\000z\000a\000t\000i\000o\000n}{section.5.11}% 176
\BOOKMARK [2][-]{subsection.5.11.2}{\376\377\000T\000o\000p\000o\000l\000o\000g\000y\000\040\000I\000n\000i\000t\000i\000a\000l\000i\000z\000a\000t\000i\000o\000n}{section.5.11}% 177
\BOOKMARK [2][-]{subsection.5.11.3}{\376\377\000A\000r\000t\000i\000f\000i\000c\000i\000a\000l\000-\000O\000v\000e\000r\000l\000a\000y\000\040\000I\000n\000i\000t\000i\000a\000l\000i\000z\000a\000t\000i\000o\000n}{section.5.11}% 178
\BOOKMARK [2][-]{subsection.5.11.4}{\376\377\000T\000e\000m\000p\000o\000r\000a\000l\000-\000S\000t\000a\000t\000e\000\040\000U\000p\000d\000a\000t\000e}{section.5.11}% 179
\BOOKMARK [2][-]{subsection.5.11.5}{\376\377\000R\000e\000q\000u\000e\000s\000t\000\040\000P\000r\000o\000c\000e\000s\000s\000i\000n\000g}{section.5.11}% 180
\BOOKMARK [2][-]{subsection.5.11.6}{\376\377\000R\000e\000g\000e\000n\000e\000r\000a\000t\000i\000o\000n\000\040\000a\000n\000d\000\040\000O\000v\000e\000r\000l\000a\000y\000\040\000M\000a\000i\000n\000t\000e\000n\000a\000n\000c\000e}{section.5.11}% 181
\BOOKMARK [2][-]{subsection.5.11.7}{\376\377\000M\000e\000t\000r\000i\000c\000\040\000C\000o\000l\000l\000e\000c\000t\000i\000o\000n}{section.5.11}% 182
\BOOKMARK [2][-]{subsection.5.11.8}{\376\377\000M\000a\000t\000c\000h\000e\000d\000\040\000E\000x\000p\000e\000r\000i\000m\000e\000n\000t\000a\000l\000\040\000R\000u\000n\000s}{section.5.11}% 183
\BOOKMARK [2][-]{subsection.5.11.9}{\376\377\000V\000a\000l\000i\000d\000a\000t\000i\000o\000n\000\040\000a\000n\000d\000\040\000D\000e\000b\000u\000g\000g\000i\000n\000g}{section.5.11}% 184
\BOOKMARK [1][-]{section.5.12}{\376\377\000C\000h\000a\000p\000t\000e\000r\000\040\000S\000u\000m\000m\000a\000r\000y}{chapter.5}% 185
\BOOKMARK [0][-]{chapter.6}{\376\377\000R\000e\000s\000u\000l\000t\000s\000\040\000a\000n\000d\000\040\000D\000i\000s\000c\000u\000s\000s\000i\000o\000n}{}% 186
\BOOKMARK [1][-]{section.6.1}{\376\377\000I\000n\000t\000r\000o\000d\000u\000c\000t\000i\000o\000n}{chapter.6}% 187
\BOOKMARK [1][-]{section.6.2}{\376\377\000P\000r\000e\000l\000i\000m\000i\000n\000a\000r\000y\000\040\000P\000r\000o\000t\000o\000t\000y\000p\000e\000\040\000R\000e\000s\000u\000l\000t\000s}{chapter.6}% 188
\BOOKMARK [2][-]{subsection.6.2.1}{\376\377\000P\000r\000o\000t\000o\000t\000y\000p\000e\000\040\000C\000o\000n\000f\000i\000g\000u\000r\000a\000t\000i\000o\000n}{section.6.2}% 189
\BOOKMARK [2][-]{subsection.6.2.2}{\376\377\000P\000r\000e\000l\000i\000m\000i\000n\000a\000r\000y\000\040\000R\000e\000q\000u\000e\000s\000t\000-\000L\000e\000v\000e\000l\000\040\000R\000e\000s\000u\000l\000t\000s}{section.6.2}% 190
\BOOKMARK [2][-]{subsection.6.2.3}{\376\377\000C\000o\000n\000t\000r\000o\000l\000l\000e\000d\000\040\000R\000o\000u\000t\000e\000-\000A\000v\000a\000i\000l\000a\000b\000i\000l\000i\000t\000y\000\040\000C\000o\000m\000p\000a\000r\000i\000s\000o\000n}{section.6.2}% 191
\BOOKMARK [2][-]{subsection.6.2.4}{\376\377\000S\000t\000a\000t\000i\000s\000t\000i\000c\000a\000l\000\040\000S\000i\000g\000n\000i\000f\000i\000c\000a\000n\000c\000e\000\040\000A\000n\000a\000l\000y\000s\000i\000s}{section.6.2}% 192
\BOOKMARK [2][-]{subsection.6.2.5}{\376\377\000I\000n\000t\000e\000r\000p\000r\000e\000t\000a\000t\000i\000o\000n\000\040\000o\000f\000\040\000t\000h\000e\000\040\000P\000r\000e\000l\000i\000m\000i\000n\000a\000r\000y\000\040\000R\000e\000s\000u\000l\000t\000s}{section.6.2}% 193
\BOOKMARK [2][-]{subsection.6.2.6}{\376\377\000C\000u\000r\000r\000e\000n\000t\000\040\000L\000i\000m\000i\000t\000a\000t\000i\000o\000n\000s}{section.6.2}% 194
\BOOKMARK [2][-]{subsection.6.2.7}{\376\377\000N\000e\000x\000t\000\040\000V\000a\000l\000i\000d\000a\000t\000i\000o\000n\000\040\000P\000l\000a\000n}{section.6.2}% 195
\BOOKMARK [2][-]{subsection.6.2.8}{\376\377\000I\000m\000p\000l\000e\000m\000e\000n\000t\000a\000t\000i\000o\000n\000\040\000V\000a\000l\000i\000d\000a\000t\000i\000o\000n}{section.6.2}% 196
\BOOKMARK [2][-]{subsection.6.2.9}{\376\377\000M\000a\000t\000c\000h\000e\000d\000\040\000I\000n\000p\000u\000t\000\040\000V\000a\000l\000i\000d\000a\000t\000i\000o\000n}{section.6.2}% 197
\BOOKMARK [2][-]{subsection.6.2.10}{\376\377\000O\000u\000t\000p\000u\000t\000\040\000C\000o\000n\000s\000i\000s\000t\000e\000n\000c\000y\000\040\000C\000h\000e\000c\000k\000s}{section.6.2}% 198
\BOOKMARK [2][-]{subsection.6.2.11}{\376\377\000S\000t\000a\000t\000i\000s\000t\000i\000c\000a\000l\000\040\000Q\000u\000a\000l\000i\000t\000y\000\040\000C\000o\000n\000t\000r\000o\000l}{section.6.2}% 199
\BOOKMARK [1][-]{section.6.3}{\376\377\000B\000a\000s\000e\000l\000i\000n\000e\000\040\000R\000o\000u\000t\000i\000n\000g\000\040\000C\000o\000m\000p\000a\000r\000i\000s\000o\000n}{chapter.6}% 200
\BOOKMARK [1][-]{section.6.4}{\376\377\000I\000m\000p\000a\000c\000t\000\040\000o\000f\000\040\000N\000e\000t\000w\000o\000r\000k\000\040\000S\000i\000z\000e}{chapter.6}% 201
\BOOKMARK [1][-]{section.6.5}{\376\377\000I\000m\000p\000a\000c\000t\000\040\000o\000f\000\040\000M\000e\000m\000o\000r\000y\000\040\000C\000o\000h\000e\000r\000e\000n\000c\000e\000\040\000T\000i\000m\000e}{chapter.6}% 202
\BOOKMARK [1][-]{section.6.6}{\376\377\000I\000m\000p\000a\000c\000t\000\040\000o\000f\000\040\000T\000r\000a\000f\000f\000i\000c\000\040\000L\000o\000a\000d}{chapter.6}% 203
\BOOKMARK [1][-]{section.6.7}{\376\377\000I\000m\000p\000a\000c\000t\000\040\000o\000f\000\040\000F\000i\000d\000e\000l\000i\000t\000y\000\040\000T\000h\000r\000e\000s\000h\000o\000l\000d}{chapter.6}% 204
\BOOKMARK [1][-]{section.6.8}{\376\377\000I\000m\000p\000a\000c\000t\000\040\000o\000f\000\040\000Q\000u\000a\000n\000t\000u\000m\000-\000M\000e\000m\000o\000r\000y\000\040\000C\000a\000p\000a\000c\000i\000t\000y}{chapter.6}% 205
\BOOKMARK [1][-]{section.6.9}{\376\377\000I\000m\000p\000a\000c\000t\000\040\000o\000f\000\040\000R\000e\000g\000e\000n\000e\000r\000a\000t\000i\000o\000n\000\040\000B\000u\000d\000g\000e\000t}{chapter.6}% 206
\BOOKMARK [1][-]{section.6.10}{\376\377\000P\000a\000r\000t\000i\000a\000l\000-\000A\000n\000c\000h\000o\000r\000\040\000a\000n\000d\000\040\000F\000u\000l\000l\000-\000A\000n\000c\000h\000o\000r\000\040\000C\000o\000m\000p\000a\000r\000i\000s\000o\000n}{chapter.6}% 207
\BOOKMARK [1][-]{section.6.11}{\376\377\000A\000b\000l\000a\000t\000i\000o\000n\000\040\000S\000t\000u\000d\000y}{chapter.6}% 208
\BOOKMARK [1][-]{section.6.12}{\376\377\000P\000a\000r\000a\000m\000e\000t\000e\000r\000\040\000S\000e\000n\000s\000i\000t\000i\000v\000i\000t\000y\000\040\000A\000n\000a\000l\000y\000s\000i\000s}{chapter.6}% 209
\BOOKMARK [1][-]{section.6.13}{\376\377\000C\000o\000m\000p\000u\000t\000a\000t\000i\000o\000n\000a\000l\000\040\000P\000e\000r\000f\000o\000r\000m\000a\000n\000c\000e}{chapter.6}% 210
\BOOKMARK [1][-]{section.6.14}{\376\377\000D\000i\000s\000c\000u\000s\000s\000i\000o\000n\000\040\000o\000f\000\040\000M\000a\000i\000n\000\040\000F\000i\000n\000d\000i\000n\000g\000s}{chapter.6}% 211
\BOOKMARK [1][-]{section.6.15}{\376\377\000L\000i\000m\000i\000t\000a\000t\000i\000o\000n\000s\000\040\000o\000f\000\040\000t\000h\000e\000\040\000E\000x\000p\000e\000r\000i\000m\000e\000n\000t\000a\000l\000\040\000R\000e\000s\000u\000l\000t\000s}{chapter.6}% 212
\BOOKMARK [1][-]{section.6.16}{\376\377\000C\000h\000a\000p\000t\000e\000r\000\040\000S\000u\000m\000m\000a\000r\000y}{chapter.6}% 213
